2025-08-12 20:35:05,694 INFO  [Microsoft.AspNetCore.DataProtection.KeyManagement.XmlKeyManager] User profile is available. Using 'C:\Users\devpc\AppData\Local\ASP.NET\DataProtection-Keys' as key repository and Windows DPAPI to encrypt keys at rest.
2025-08-12 20:35:05,975 WARN  [Microsoft.AspNetCore.StaticFiles.StaticFileMiddleware] The WebRootPath was not found: D:\GitHub\olp-dashboard\MES_ReportForms.API\wwwroot. Static files may be unavailable.
2025-08-12 20:35:06,233 INFO  [Microsoft.Hosting.Lifetime] Now listening on: https://localhost:7014
2025-08-12 20:35:06,240 INFO  [Microsoft.Hosting.Lifetime] Now listening on: http://localhost:5091
2025-08-12 20:35:06,586 INFO  [Microsoft.Hosting.Lifetime] Application started. Press Ctrl+C to shut down.
2025-08-12 20:35:06,597 INFO  [Microsoft.Hosting.Lifetime] Hosting environment: Development
2025-08-12 20:35:06,606 INFO  [Microsoft.Hosting.Lifetime] Content root path: D:\GitHub\olp-dashboard\MES_ReportForms.API
2025-08-12 20:35:07,094 INFO  [Microsoft.AspNetCore.Hosting.Diagnostics] Request starting HTTP/2 GET https://localhost:7014/swagger/index.html - - -
2025-08-12 20:35:07,803 INFO  [Microsoft.AspNetCore.Hosting.Diagnostics] Request finished HTTP/2 GET https://localhost:7014/swagger/index.html - 200 - text/html;charset=utf-8 729.5542ms
2025-08-12 20:35:07,865 INFO  [Microsoft.AspNetCore.Hosting.Diagnostics] Request starting HTTP/2 GET https://localhost:7014/_framework/aspnetcore-browser-refresh.js - - -
2025-08-12 20:35:07,876 INFO  [Microsoft.AspNetCore.Hosting.Diagnostics] Request starting HTTP/2 GET https://localhost:7014/_vs/browserLink - - -
2025-08-12 20:35:07,900 INFO  [Microsoft.AspNetCore.Hosting.Diagnostics] Request finished HTTP/2 GET https://localhost:7014/_framework/aspnetcore-browser-refresh.js - 200 13774 application/javascript;+charset=utf-8 42.9664ms
2025-08-12 20:35:08,033 INFO  [Microsoft.AspNetCore.Hosting.Diagnostics] Request finished HTTP/2 GET https://localhost:7014/_vs/browserLink - 200 - text/javascript;+charset=UTF-8 170.7425ms
2025-08-12 20:35:08,216 INFO  [Microsoft.AspNetCore.Hosting.Diagnostics] Request starting HTTP/2 GET https://localhost:7014/swagger/ReportFormAPI/swagger.json - - -
2025-08-12 20:35:08,653 INFO  [Microsoft.AspNetCore.Hosting.Diagnostics] Request finished HTTP/2 GET https://localhost:7014/swagger/ReportFormAPI/swagger.json - 200 - application/json;charset=utf-8 442.8676ms
2025-08-12 20:35:36,585 INFO  [Microsoft.AspNetCore.Hosting.Diagnostics] Request starting HTTP/2 POST https://localhost:7014/api/auth/token?guid=10100593&password=Aa123456 - - 0
2025-08-12 20:35:38,723 INFO  [Microsoft.AspNetCore.Routing.EndpointMiddleware] Executing endpoint 'MES_ReportForms.API.Controllers.AuthController.GetToken (MES_ReportForms.API)'
2025-08-12 20:35:38,776 INFO  [Microsoft.AspNetCore.Mvc.Infrastructure.ControllerActionInvoker] Route matched with {action = "GetToken", controller = "Auth"}. Executing controller action with signature MES_ReportForms.Core.Models.ApiResult`1[System.String] GetToken(System.String, System.String) on controller MES_ReportForms.API.Controllers.AuthController (MES_ReportForms.API).
2025-08-12 20:35:40,521 WARN  [Microsoft.EntityFrameworkCore.Model.Validation] Sensitive data logging is enabled. Log entries and exception messages may include sensitive application data; this mode should only be enabled during development.
2025-08-12 20:35:43,505 INFO  [Microsoft.EntityFrameworkCore.Database.Command] Executed DbCommand (233ms) [Parameters=[@__guid_0='10100593' (Size = 450)], CommandType='Text', CommandTimeout='30']
SELECT TOP(1) [t].[GUID], [t].[BusinessType], [t].[CreateTime], [t].[Data_Permission], [t].[EmployeeId], [t].[Import_Permission], [t].[OrganizationID], [t].[Password], [t].[UpdateTime], [t].[User_Email], [t].[User_Name], [t].[Web_Permission]
FROM [T_UserMaster] AS [t]
WHERE [t].[GUID] = @__guid_0
2025-08-12 20:35:43,960 INFO  [Microsoft.AspNetCore.Mvc.Infrastructure.ObjectResultExecutor] Executing ObjectResult, writing value of type 'MES_ReportForms.Core.Models.ApiResult`1[[System.String, System.Private.CoreLib, Version=8.0.0.0, Culture=neutral, PublicKeyToken=7cec85d7bea7798e]]'.
2025-08-12 20:35:43,986 INFO  [Microsoft.AspNetCore.Mvc.Infrastructure.ControllerActionInvoker] Executed action MES_ReportForms.API.Controllers.AuthController.GetToken (MES_ReportForms.API) in 5189.6988ms
2025-08-12 20:35:43,993 INFO  [Microsoft.AspNetCore.Routing.EndpointMiddleware] Executed endpoint 'MES_ReportForms.API.Controllers.AuthController.GetToken (MES_ReportForms.API)'
2025-08-12 20:35:44,043 INFO  [Microsoft.AspNetCore.Hosting.Diagnostics] Request finished HTTP/2 POST https://localhost:7014/api/auth/token?guid=10100593&password=Aa123456 - 200 - application/json;+charset=utf-8 7463.0067ms
2025-08-12 20:36:15,692 INFO  [Microsoft.AspNetCore.Hosting.Diagnostics] Request starting HTTP/2 GET https://localhost:7014/api/dashboard/getOrganizationalForm?Type=Week - - -
2025-08-12 20:36:15,831 INFO  [Microsoft.AspNetCore.Routing.EndpointMiddleware] Executing endpoint 'MES_ReportForms.WebAPI.Controllers.DashboardController.GetOrganizationalForm (MES_ReportForms.API)'
2025-08-12 20:36:15,852 INFO  [Microsoft.AspNetCore.Mvc.Infrastructure.ControllerActionInvoker] Route matched with {action = "GetOrganizationalForm", controller = "Dashboard"}. Executing controller action with signature System.Threading.Tasks.Task`1[MES_ReportForms.Core.Models.ApiResult] GetOrganizationalForm(MES_ReportForms.Core.Models.OrganizationalFormQuery) on controller MES_ReportForms.WebAPI.Controllers.DashboardController (MES_ReportForms.API).
2025-08-12 20:37:38,144 INFO  [Microsoft.AspNetCore.Mvc.Infrastructure.ObjectResultExecutor] Executing ObjectResult, writing value of type 'MES_ReportForms.Core.Models.ApiResult`1[[System.Object, System.Private.CoreLib, Version=8.0.0.0, Culture=neutral, PublicKeyToken=7cec85d7bea7798e]]'.
2025-08-12 20:37:38,216 INFO  [Microsoft.AspNetCore.Mvc.Infrastructure.ControllerActionInvoker] Executed action MES_ReportForms.WebAPI.Controllers.DashboardController.GetOrganizationalForm (MES_ReportForms.API) in 82357.649ms
2025-08-12 20:37:38,223 INFO  [Microsoft.AspNetCore.Routing.EndpointMiddleware] Executed endpoint 'MES_ReportForms.WebAPI.Controllers.DashboardController.GetOrganizationalForm (MES_ReportForms.API)'
2025-08-12 20:37:38,237 INFO  [Microsoft.AspNetCore.Hosting.Diagnostics] Request finished HTTP/2 GET https://localhost:7014/api/dashboard/getOrganizationalForm?Type=Week - 200 - application/json;+charset=utf-8 82571.6818ms
2025-08-12 22:02:43,976 INFO  [Microsoft.AspNetCore.DataProtection.KeyManagement.XmlKeyManager] User profile is available. Using 'C:\Users\devpc\AppData\Local\ASP.NET\DataProtection-Keys' as key repository and Windows DPAPI to encrypt keys at rest.
2025-08-12 22:02:44,318 WARN  [Microsoft.AspNetCore.StaticFiles.StaticFileMiddleware] The WebRootPath was not found: D:\GitHub\olp-dashboard\MES_ReportForms.API\wwwroot. Static files may be unavailable.
2025-08-12 22:02:44,769 INFO  [Microsoft.Hosting.Lifetime] Now listening on: https://localhost:7014
2025-08-12 22:02:44,783 INFO  [Microsoft.Hosting.Lifetime] Now listening on: http://localhost:5091
2025-08-12 22:02:45,449 INFO  [Microsoft.Hosting.Lifetime] Application started. Press Ctrl+C to shut down.
2025-08-12 22:02:45,469 INFO  [Microsoft.Hosting.Lifetime] Hosting environment: Development
2025-08-12 22:02:45,491 INFO  [Microsoft.Hosting.Lifetime] Content root path: D:\GitHub\olp-dashboard\MES_ReportForms.API
2025-08-12 22:02:46,452 INFO  [Microsoft.AspNetCore.Hosting.Diagnostics] Request starting HTTP/2 GET https://localhost:7014/swagger/index.html - - -
2025-08-12 22:02:47,843 INFO  [Microsoft.AspNetCore.Hosting.Diagnostics] Request starting HTTP/2 GET https://localhost:7014/_framework/aspnetcore-browser-refresh.js - - -
2025-08-12 22:02:47,826 INFO  [Microsoft.AspNetCore.Hosting.Diagnostics] Request finished HTTP/2 GET https://localhost:7014/swagger/index.html - 200 - text/html;charset=utf-8 1135.5026ms
2025-08-12 22:02:47,870 INFO  [Microsoft.AspNetCore.Hosting.Diagnostics] Request starting HTTP/2 GET https://localhost:7014/_vs/browserLink - - -
2025-08-12 22:02:47,940 INFO  [Microsoft.AspNetCore.Hosting.Diagnostics] Request finished HTTP/2 GET https://localhost:7014/_framework/aspnetcore-browser-refresh.js - 200 13774 application/javascript;+charset=utf-8 179.8081ms
2025-08-12 22:02:48,253 INFO  [Microsoft.AspNetCore.Hosting.Diagnostics] Request finished HTTP/2 GET https://localhost:7014/_vs/browserLink - 200 - text/javascript;+charset=UTF-8 410.3178ms
2025-08-12 22:02:48,429 INFO  [Microsoft.AspNetCore.Hosting.Diagnostics] Request starting HTTP/2 GET https://localhost:7014/swagger/ReportFormAPI/swagger.json - - -
2025-08-12 22:02:49,860 INFO  [Microsoft.AspNetCore.Hosting.Diagnostics] Request finished HTTP/2 GET https://localhost:7014/swagger/ReportFormAPI/swagger.json - 200 - application/json;charset=utf-8 1445.2120ms
2025-08-12 22:03:09,518 INFO  [Microsoft.AspNetCore.Hosting.Diagnostics] Request starting HTTP/2 POST https://localhost:7014/api/auth/token?guid=10100593&password=Aa123456 - - 0
2025-08-12 22:03:09,941 INFO  [Microsoft.AspNetCore.Routing.EndpointMiddleware] Executing endpoint 'MES_ReportForms.API.Controllers.AuthController.GetToken (MES_ReportForms.API)'
2025-08-12 22:03:10,077 INFO  [Microsoft.AspNetCore.Mvc.Infrastructure.ControllerActionInvoker] Route matched with {action = "GetToken", controller = "Auth"}. Executing controller action with signature MES_ReportForms.Core.Models.ApiResult`1[System.String] GetToken(System.String, System.String) on controller MES_ReportForms.API.Controllers.AuthController (MES_ReportForms.API).
2025-08-12 22:03:12,011 WARN  [Microsoft.EntityFrameworkCore.Model.Validation] Sensitive data logging is enabled. Log entries and exception messages may include sensitive application data; this mode should only be enabled during development.
2025-08-12 22:03:14,735 INFO  [Microsoft.EntityFrameworkCore.Database.Command] Executed DbCommand (163ms) [Parameters=[@__guid_0='10100593' (Size = 450)], CommandType='Text', CommandTimeout='30']
SELECT TOP(1) [t].[GUID], [t].[BusinessType], [t].[CreateTime], [t].[Data_Permission], [t].[EmployeeId], [t].[Import_Permission], [t].[OrganizationID], [t].[Password], [t].[UpdateTime], [t].[User_Email], [t].[User_Name], [t].[Web_Permission]
FROM [T_UserMaster] AS [t]
WHERE [t].[GUID] = @__guid_0
2025-08-12 22:03:15,623 INFO  [Microsoft.AspNetCore.Mvc.Infrastructure.ObjectResultExecutor] Executing ObjectResult, writing value of type 'MES_ReportForms.Core.Models.ApiResult`1[[System.String, System.Private.CoreLib, Version=8.0.0.0, Culture=neutral, PublicKeyToken=7cec85d7bea7798e]]'.
2025-08-12 22:03:15,681 INFO  [Microsoft.AspNetCore.Mvc.Infrastructure.ControllerActionInvoker] Executed action MES_ReportForms.API.Controllers.AuthController.GetToken (MES_ReportForms.API) in 5551.9548ms
2025-08-12 22:03:15,721 INFO  [Microsoft.AspNetCore.Routing.EndpointMiddleware] Executed endpoint 'MES_ReportForms.API.Controllers.AuthController.GetToken (MES_ReportForms.API)'
2025-08-12 22:03:15,780 INFO  [Microsoft.AspNetCore.Hosting.Diagnostics] Request finished HTTP/2 POST https://localhost:7014/api/auth/token?guid=10100593&password=Aa123456 - 200 - application/json;+charset=utf-8 6247.2412ms
2025-08-12 22:04:24,772 INFO  [Microsoft.AspNetCore.Hosting.Diagnostics] Request starting HTTP/2 GET https://localhost:7014/api/dashboard/getMissCountPerformanceVolume?Type=Week - - -
2025-08-12 22:04:24,958 INFO  [Microsoft.AspNetCore.Routing.EndpointMiddleware] Executing endpoint 'MES_ReportForms.WebAPI.Controllers.DashboardController.GetMissCountPerformanceVolume (MES_ReportForms.API)'
2025-08-12 22:04:24,990 INFO  [Microsoft.AspNetCore.Mvc.Infrastructure.ControllerActionInvoker] Route matched with {action = "GetMissCountPerformanceVolume", controller = "Dashboard"}. Executing controller action with signature System.Threading.Tasks.Task`1[MES_ReportForms.Core.Models.ApiResult] GetMissCountPerformanceVolume(MES_ReportForms.Core.Models.MissCountQuery) on controller MES_ReportForms.WebAPI.Controllers.DashboardController (MES_ReportForms.API).
2025-08-12 22:28:34,606 INFO  [Microsoft.AspNetCore.Mvc.Infrastructure.ObjectResultExecutor] Executing ObjectResult, writing value of type 'MES_ReportForms.Core.Models.ApiResult`1[[System.Collections.Generic.IEnumerable`1[[System.Object, System.Private.CoreLib, Version=8.0.0.0, Culture=neutral, PublicKeyToken=7cec85d7bea7798e]], System.Private.CoreLib, Version=8.0.0.0, Culture=neutral, PublicKeyToken=7cec85d7bea7798e]]'.
2025-08-12 22:28:34,641 INFO  [Microsoft.AspNetCore.Mvc.Infrastructure.ControllerActionInvoker] Executed action MES_ReportForms.WebAPI.Controllers.DashboardController.GetMissCountPerformanceVolume (MES_ReportForms.API) in 1449632.8309ms
2025-08-12 22:28:34,684 INFO  [Microsoft.AspNetCore.Routing.EndpointMiddleware] Executed endpoint 'MES_ReportForms.WebAPI.Controllers.DashboardController.GetMissCountPerformanceVolume (MES_ReportForms.API)'
2025-08-12 22:28:34,909 INFO  [Microsoft.AspNetCore.Hosting.Diagnostics] Request finished HTTP/2 GET https://localhost:7014/api/dashboard/getMissCountPerformanceVolume?Type=Week - 200 - application/json;+charset=utf-8 1450108.3726ms
2025-08-12 22:28:36,019 INFO  [Microsoft.AspNetCore.Hosting.Diagnostics] Request starting HTTP/2 GET https://localhost:7014/swagger/index.html - - -
2025-08-12 22:28:36,455 INFO  [Microsoft.AspNetCore.Hosting.Diagnostics] Request finished HTTP/2 GET https://localhost:7014/swagger/index.html - 200 - text/html;charset=utf-8 492.0053ms
2025-08-12 22:28:37,089 INFO  [Microsoft.AspNetCore.Hosting.Diagnostics] Request starting HTTP/2 GET https://localhost:7014/_framework/aspnetcore-browser-refresh.js - - -
2025-08-12 22:28:37,104 INFO  [Microsoft.AspNetCore.Hosting.Diagnostics] Request starting HTTP/2 GET https://localhost:7014/_vs/browserLink - - -
2025-08-12 22:28:37,120 INFO  [Microsoft.AspNetCore.Hosting.Diagnostics] Request finished HTTP/2 GET https://localhost:7014/_framework/aspnetcore-browser-refresh.js - 200 13774 application/javascript;+charset=utf-8 30.6025ms
2025-08-12 22:28:37,233 INFO  [Microsoft.AspNetCore.Hosting.Diagnostics] Request finished HTTP/2 GET https://localhost:7014/_vs/browserLink - 200 - text/javascript;+charset=UTF-8 139.4821ms
2025-08-12 22:28:37,434 INFO  [Microsoft.AspNetCore.Hosting.Diagnostics] Request starting HTTP/2 GET https://localhost:7014/swagger/ReportFormAPI/swagger.json - - -
2025-08-12 22:28:38,385 INFO  [Microsoft.AspNetCore.Hosting.Diagnostics] Request finished HTTP/2 GET https://localhost:7014/swagger/ReportFormAPI/swagger.json - 200 - application/json;charset=utf-8 922.4601ms
2025-08-12 22:28:48,906 INFO  [Microsoft.AspNetCore.Hosting.Diagnostics] Request starting HTTP/2 GET https://localhost:7014/api/dashboard/getOrganizationalForm?Type=Week - - -
2025-08-12 22:28:48,925 INFO  [Microsoft.AspNetCore.Routing.EndpointMiddleware] Executing endpoint 'MES_ReportForms.WebAPI.Controllers.DashboardController.GetOrganizationalForm (MES_ReportForms.API)'
2025-08-12 22:28:48,963 INFO  [Microsoft.AspNetCore.Mvc.Infrastructure.ControllerActionInvoker] Route matched with {action = "GetOrganizationalForm", controller = "Dashboard"}. Executing controller action with signature System.Threading.Tasks.Task`1[MES_ReportForms.Core.Models.ApiResult] GetOrganizationalForm(MES_ReportForms.Core.Models.OrganizationalFormQuery) on controller MES_ReportForms.WebAPI.Controllers.DashboardController (MES_ReportForms.API).
2025-08-12 22:30:12,748 INFO  [Microsoft.AspNetCore.Mvc.Infrastructure.ObjectResultExecutor] Executing ObjectResult, writing value of type 'MES_ReportForms.Core.Models.ApiResult`1[[System.Object, System.Private.CoreLib, Version=8.0.0.0, Culture=neutral, PublicKeyToken=7cec85d7bea7798e]]'.
2025-08-12 22:30:12,804 INFO  [Microsoft.AspNetCore.Mvc.Infrastructure.ControllerActionInvoker] Executed action MES_ReportForms.WebAPI.Controllers.DashboardController.GetOrganizationalForm (MES_ReportForms.API) in 83833.9424ms
2025-08-12 22:30:12,810 INFO  [Microsoft.AspNetCore.Routing.EndpointMiddleware] Executed endpoint 'MES_ReportForms.WebAPI.Controllers.DashboardController.GetOrganizationalForm (MES_ReportForms.API)'
2025-08-12 22:30:12,825 INFO  [Microsoft.AspNetCore.Hosting.Diagnostics] Request finished HTTP/2 GET https://localhost:7014/api/dashboard/getOrganizationalForm?Type=Week - 200 - application/json;+charset=utf-8 83934.8162ms
2025-08-12 22:30:24,843 INFO  [Microsoft.AspNetCore.Hosting.Diagnostics] Request starting HTTP/2 GET https://localhost:7014/api/dashboard/getOrganizationalForm?Type=Month - - -
2025-08-12 22:30:24,878 INFO  [Microsoft.AspNetCore.Routing.EndpointMiddleware] Executing endpoint 'MES_ReportForms.WebAPI.Controllers.DashboardController.GetOrganizationalForm (MES_ReportForms.API)'
2025-08-12 22:30:24,885 INFO  [Microsoft.AspNetCore.Mvc.Infrastructure.ControllerActionInvoker] Route matched with {action = "GetOrganizationalForm", controller = "Dashboard"}. Executing controller action with signature System.Threading.Tasks.Task`1[MES_ReportForms.Core.Models.ApiResult] GetOrganizationalForm(MES_ReportForms.Core.Models.OrganizationalFormQuery) on controller MES_ReportForms.WebAPI.Controllers.DashboardController (MES_ReportForms.API).
2025-08-12 22:31:53,120 INFO  [Microsoft.AspNetCore.Mvc.Infrastructure.ObjectResultExecutor] Executing ObjectResult, writing value of type 'MES_ReportForms.Core.Models.ApiResult`1[[System.Object, System.Private.CoreLib, Version=8.0.0.0, Culture=neutral, PublicKeyToken=7cec85d7bea7798e]]'.
2025-08-12 22:31:53,156 INFO  [Microsoft.AspNetCore.Mvc.Infrastructure.ControllerActionInvoker] Executed action MES_ReportForms.WebAPI.Controllers.DashboardController.GetOrganizationalForm (MES_ReportForms.API) in 88262.3366ms
2025-08-12 22:31:53,163 INFO  [Microsoft.AspNetCore.Routing.EndpointMiddleware] Executed endpoint 'MES_ReportForms.WebAPI.Controllers.DashboardController.GetOrganizationalForm (MES_ReportForms.API)'
2025-08-12 22:31:53,209 INFO  [Microsoft.AspNetCore.Hosting.Diagnostics] Request finished HTTP/2 GET https://localhost:7014/api/dashboard/getOrganizationalForm?Type=Month - 200 - application/json;+charset=utf-8 88361.4606ms
2025-08-12 22:33:55,650 INFO  [Microsoft.AspNetCore.Hosting.Diagnostics] Request starting HTTP/2 GET https://localhost:7014/api/dashboard/getOrganizationalForm?Type=Week - - -
2025-08-12 22:33:55,666 INFO  [Microsoft.AspNetCore.Routing.EndpointMiddleware] Executing endpoint 'MES_ReportForms.WebAPI.Controllers.DashboardController.GetOrganizationalForm (MES_ReportForms.API)'
2025-08-12 22:33:55,673 INFO  [Microsoft.AspNetCore.Mvc.Infrastructure.ControllerActionInvoker] Route matched with {action = "GetOrganizationalForm", controller = "Dashboard"}. Executing controller action with signature System.Threading.Tasks.Task`1[MES_ReportForms.Core.Models.ApiResult] GetOrganizationalForm(MES_ReportForms.Core.Models.OrganizationalFormQuery) on controller MES_ReportForms.WebAPI.Controllers.DashboardController (MES_ReportForms.API).
2025-08-12 22:35:12,196 INFO  [Microsoft.AspNetCore.Mvc.Infrastructure.ObjectResultExecutor] Executing ObjectResult, writing value of type 'MES_ReportForms.Core.Models.ApiResult`1[[System.Object, System.Private.CoreLib, Version=8.0.0.0, Culture=neutral, PublicKeyToken=7cec85d7bea7798e]]'.
2025-08-12 22:35:12,202 INFO  [Microsoft.AspNetCore.Mvc.Infrastructure.ControllerActionInvoker] Executed action MES_ReportForms.WebAPI.Controllers.DashboardController.GetOrganizationalForm (MES_ReportForms.API) in 76524.1741ms
2025-08-12 22:35:12,207 INFO  [Microsoft.AspNetCore.Routing.EndpointMiddleware] Executed endpoint 'MES_ReportForms.WebAPI.Controllers.DashboardController.GetOrganizationalForm (MES_ReportForms.API)'
2025-08-12 22:35:12,224 INFO  [Microsoft.AspNetCore.Hosting.Diagnostics] Request finished HTTP/2 GET https://localhost:7014/api/dashboard/getOrganizationalForm?Type=Week - 200 - application/json;+charset=utf-8 76595.8096ms
2025-08-12 22:35:19,729 INFO  [Microsoft.AspNetCore.Hosting.Diagnostics] Request starting HTTP/2 GET https://localhost:7014/api/dashboard/getOrganizationalForm - - -
2025-08-12 22:35:19,748 INFO  [Microsoft.AspNetCore.Routing.EndpointMiddleware] Executing endpoint 'MES_ReportForms.WebAPI.Controllers.DashboardController.GetOrganizationalForm (MES_ReportForms.API)'
2025-08-12 22:35:19,755 INFO  [Microsoft.AspNetCore.Mvc.Infrastructure.ControllerActionInvoker] Route matched with {action = "GetOrganizationalForm", controller = "Dashboard"}. Executing controller action with signature System.Threading.Tasks.Task`1[MES_ReportForms.Core.Models.ApiResult] GetOrganizationalForm(MES_ReportForms.Core.Models.OrganizationalFormQuery) on controller MES_ReportForms.WebAPI.Controllers.DashboardController (MES_ReportForms.API).
2025-08-12 22:36:30,809 INFO  [Microsoft.AspNetCore.Mvc.Infrastructure.ObjectResultExecutor] Executing ObjectResult, writing value of type 'MES_ReportForms.Core.Models.ApiResult`1[[System.Object, System.Private.CoreLib, Version=8.0.0.0, Culture=neutral, PublicKeyToken=7cec85d7bea7798e]]'.
2025-08-12 22:36:30,814 INFO  [Microsoft.AspNetCore.Mvc.Infrastructure.ControllerActionInvoker] Executed action MES_ReportForms.WebAPI.Controllers.DashboardController.GetOrganizationalForm (MES_ReportForms.API) in 71054.177ms
2025-08-12 22:36:30,818 INFO  [Microsoft.AspNetCore.Routing.EndpointMiddleware] Executed endpoint 'MES_ReportForms.WebAPI.Controllers.DashboardController.GetOrganizationalForm (MES_ReportForms.API)'
2025-08-12 22:36:30,831 INFO  [Microsoft.AspNetCore.Hosting.Diagnostics] Request finished HTTP/2 GET https://localhost:7014/api/dashboard/getOrganizationalForm - 200 - application/json;+charset=utf-8 71103.4826ms
