2025-08-25 10:47:48,912 INFO  [Microsoft.AspNetCore.DataProtection.KeyManagement.XmlKeyManager] User profile is available. Using 'C:\Users\devpc\AppData\Local\ASP.NET\DataProtection-Keys' as key repository and Windows DPAPI to encrypt keys at rest.
2025-08-25 10:47:49,121 WARN  [Microsoft.AspNetCore.StaticFiles.StaticFileMiddleware] The WebRootPath was not found: D:\GitHub\olp-dashboard\MES_ReportForms.API\wwwroot. Static files may be unavailable.
2025-08-25 10:47:49,387 INFO  [Microsoft.Hosting.Lifetime] Now listening on: https://localhost:7014
2025-08-25 10:47:49,392 INFO  [Microsoft.Hosting.Lifetime] Now listening on: http://localhost:5091
2025-08-25 10:47:49,701 INFO  [Microsoft.Hosting.Lifetime] Application started. Press Ctrl+C to shut down.
2025-08-25 10:47:49,712 INFO  [Microsoft.Hosting.Lifetime] Hosting environment: Development
2025-08-25 10:47:49,732 INFO  [Microsoft.Hosting.Lifetime] Content root path: D:\GitHub\olp-dashboard\MES_ReportForms.API
2025-08-25 10:47:50,113 INFO  [Microsoft.AspNetCore.Hosting.Diagnostics] Request starting HTTP/2 GET https://localhost:7014/swagger/index.html - - -
2025-08-25 10:47:50,650 INFO  [Microsoft.AspNetCore.Hosting.Diagnostics] Request finished HTTP/2 GET https://localhost:7014/swagger/index.html - 200 - text/html;charset=utf-8 560.8643ms
2025-08-25 10:47:50,664 INFO  [Microsoft.AspNetCore.Hosting.Diagnostics] Request starting HTTP/2 GET https://localhost:7014/_vs/browserLink - - -
2025-08-25 10:47:50,672 INFO  [Microsoft.AspNetCore.Hosting.Diagnostics] Request starting HTTP/2 GET https://localhost:7014/_framework/aspnetcore-browser-refresh.js - - -
2025-08-25 10:47:50,696 INFO  [Microsoft.AspNetCore.Hosting.Diagnostics] Request finished HTTP/2 GET https://localhost:7014/_framework/aspnetcore-browser-refresh.js - 200 13774 application/javascript;+charset=utf-8 31.3505ms
2025-08-25 10:47:50,800 INFO  [Microsoft.AspNetCore.Hosting.Diagnostics] Request finished HTTP/2 GET https://localhost:7014/_vs/browserLink - 200 - text/javascript;+charset=UTF-8 134.4582ms
2025-08-25 10:47:50,867 INFO  [Microsoft.AspNetCore.Hosting.Diagnostics] Request starting HTTP/2 GET https://localhost:7014/swagger/ReportFormAPI/swagger.json - - -
2025-08-25 10:47:51,231 INFO  [Microsoft.AspNetCore.Hosting.Diagnostics] Request finished HTTP/2 GET https://localhost:7014/swagger/ReportFormAPI/swagger.json - 200 - application/json;charset=utf-8 364.4830ms
2025-08-25 10:50:19,187 INFO  [Microsoft.AspNetCore.Hosting.Diagnostics] Request starting HTTP/2 POST https://localhost:7014/api/auth/token?guid=10100593&password=Aa123456 - - 0
2025-08-25 10:50:20,407 INFO  [Microsoft.AspNetCore.Routing.EndpointMiddleware] Executing endpoint 'MES_ReportForms.API.Controllers.AuthController.GetToken (MES_ReportForms.API)'
2025-08-25 10:50:20,440 INFO  [Microsoft.AspNetCore.Mvc.Infrastructure.ControllerActionInvoker] Route matched with {action = "GetToken", controller = "Auth"}. Executing controller action with signature MES_ReportForms.Core.Models.ApiResult`1[System.String] GetToken(System.String, System.String) on controller MES_ReportForms.API.Controllers.AuthController (MES_ReportForms.API).
2025-08-25 10:50:21,352 WARN  [Microsoft.EntityFrameworkCore.Model.Validation] Sensitive data logging is enabled. Log entries and exception messages may include sensitive application data; this mode should only be enabled during development.
2025-08-25 10:50:22,942 INFO  [Microsoft.EntityFrameworkCore.Database.Command] Executed DbCommand (122ms) [Parameters=[@__guid_0='10100593' (Size = 450)], CommandType='Text', CommandTimeout='30']
SELECT TOP(1) [t].[GUID], [t].[BusinessType], [t].[CreateTime], [t].[Data_Permission], [t].[EmployeeId], [t].[Import_Permission], [t].[OrganizationID], [t].[Password], [t].[UpdateTime], [t].[User_Email], [t].[User_Name], [t].[Web_Permission]
FROM [T_UserMaster] AS [t]
WHERE [t].[GUID] = @__guid_0
2025-08-25 10:50:23,355 INFO  [Microsoft.AspNetCore.Mvc.Infrastructure.ObjectResultExecutor] Executing ObjectResult, writing value of type 'MES_ReportForms.Core.Models.ApiResult`1[[System.String, System.Private.CoreLib, Version=8.0.0.0, Culture=neutral, PublicKeyToken=7cec85d7bea7798e]]'.
2025-08-25 10:50:23,374 INFO  [Microsoft.AspNetCore.Mvc.Infrastructure.ControllerActionInvoker] Executed action MES_ReportForms.API.Controllers.AuthController.GetToken (MES_ReportForms.API) in 2919.4289ms
2025-08-25 10:50:23,380 INFO  [Microsoft.AspNetCore.Routing.EndpointMiddleware] Executed endpoint 'MES_ReportForms.API.Controllers.AuthController.GetToken (MES_ReportForms.API)'
2025-08-25 10:50:23,410 INFO  [Microsoft.AspNetCore.Hosting.Diagnostics] Request finished HTTP/2 POST https://localhost:7014/api/auth/token?guid=10100593&password=Aa123456 - 200 - application/json;+charset=utf-8 4224.9992ms
2025-08-25 10:51:08,626 INFO  [Microsoft.AspNetCore.Hosting.Diagnostics] Request starting HTTP/2 POST https://localhost:7014/api/importFile/ImportEmployeeAttendanceData - multipart/form-data;+boundary=----WebKitFormBoundaryGk1dNIG4a3hDilo7 462239
2025-08-25 10:51:08,719 INFO  [Microsoft.AspNetCore.Routing.EndpointMiddleware] Executing endpoint 'MES_ReportForms.API.Controllers.AdminControllers.ImportFileController.ImportEmployeeAttendanceData (MES_ReportForms.API)'
2025-08-25 10:51:08,728 INFO  [Microsoft.AspNetCore.Mvc.Infrastructure.ControllerActionInvoker] Route matched with {action = "ImportEmployeeAttendanceData", controller = "ImportFile"}. Executing controller action with signature MES_ReportForms.Core.Models.ApiResult`1[System.Collections.Generic.List`1[MES_ReportForms.Core.Entities.System.T_EmployeeAttendanceEntity]] ImportEmployeeAttendanceData(Microsoft.AspNetCore.Http.IFormFile) on controller MES_ReportForms.API.Controllers.AdminControllers.ImportFileController (MES_ReportForms.API).
2025-08-25 10:57:09,547 INFO  [Microsoft.AspNetCore.Mvc.Infrastructure.ObjectResultExecutor] Executing ObjectResult, writing value of type 'MES_ReportForms.Core.Models.ApiResult`1[[System.Collections.Generic.List`1[[MES_ReportForms.Core.Entities.System.T_EmployeeAttendanceEntity, MES_ReportForms.Core, Version=1.0.0.0, Culture=neutral, PublicKeyToken=null]], System.Private.CoreLib, Version=8.0.0.0, Culture=neutral, PublicKeyToken=7cec85d7bea7798e]]'.
2025-08-25 10:57:09,565 INFO  [Microsoft.AspNetCore.Mvc.Infrastructure.ControllerActionInvoker] Executed action MES_ReportForms.API.Controllers.AdminControllers.ImportFileController.ImportEmployeeAttendanceData (MES_ReportForms.API) in 360831.6514ms
2025-08-25 10:57:09,570 INFO  [Microsoft.AspNetCore.Routing.EndpointMiddleware] Executed endpoint 'MES_ReportForms.API.Controllers.AdminControllers.ImportFileController.ImportEmployeeAttendanceData (MES_ReportForms.API)'
2025-08-25 10:57:09,607 INFO  [Microsoft.AspNetCore.Hosting.Diagnostics] Request finished HTTP/2 POST https://localhost:7014/api/importFile/ImportEmployeeAttendanceData - 200 - application/json;+charset=utf-8 360986.9606ms
2025-08-25 11:02:37,323 INFO  [Microsoft.AspNetCore.Hosting.Diagnostics] Request starting HTTP/2 POST https://localhost:7014/api/importFile/ImportEmployeeAttendanceData - multipart/form-data;+boundary=----WebKitFormBoundarydNyDPMF49tUxc3AN 462239
2025-08-25 11:02:37,341 INFO  [Microsoft.AspNetCore.Routing.EndpointMiddleware] Executing endpoint 'MES_ReportForms.API.Controllers.AdminControllers.ImportFileController.ImportEmployeeAttendanceData (MES_ReportForms.API)'
2025-08-25 11:02:37,345 INFO  [Microsoft.AspNetCore.Mvc.Infrastructure.ControllerActionInvoker] Route matched with {action = "ImportEmployeeAttendanceData", controller = "ImportFile"}. Executing controller action with signature MES_ReportForms.Core.Models.ApiResult`1[System.Collections.Generic.List`1[MES_ReportForms.Core.Entities.System.T_EmployeeAttendanceEntity]] ImportEmployeeAttendanceData(Microsoft.AspNetCore.Http.IFormFile) on controller MES_ReportForms.API.Controllers.AdminControllers.ImportFileController (MES_ReportForms.API).
2025-08-25 11:02:38,067 INFO  [Microsoft.AspNetCore.Mvc.Infrastructure.ObjectResultExecutor] Executing ObjectResult, writing value of type 'MES_ReportForms.Core.Models.ApiResult`1[[System.Collections.Generic.List`1[[MES_ReportForms.Core.Entities.System.T_EmployeeAttendanceEntity, MES_ReportForms.Core, Version=1.0.0.0, Culture=neutral, PublicKeyToken=null]], System.Private.CoreLib, Version=8.0.0.0, Culture=neutral, PublicKeyToken=7cec85d7bea7798e]]'.
2025-08-25 11:02:38,072 INFO  [Microsoft.AspNetCore.Mvc.Infrastructure.ControllerActionInvoker] Executed action MES_ReportForms.API.Controllers.AdminControllers.ImportFileController.ImportEmployeeAttendanceData (MES_ReportForms.API) in 722.5582ms
2025-08-25 11:02:38,076 INFO  [Microsoft.AspNetCore.Routing.EndpointMiddleware] Executed endpoint 'MES_ReportForms.API.Controllers.AdminControllers.ImportFileController.ImportEmployeeAttendanceData (MES_ReportForms.API)'
2025-08-25 11:02:38,091 INFO  [Microsoft.AspNetCore.Hosting.Diagnostics] Request finished HTTP/2 POST https://localhost:7014/api/importFile/ImportEmployeeAttendanceData - 200 - application/json;+charset=utf-8 783.6377ms
2025-08-25 11:04:28,292 INFO  [Microsoft.AspNetCore.Hosting.Diagnostics] Request starting HTTP/2 POST https://localhost:7014/api/importFile/ImportEmployeeAttendanceData - multipart/form-data;+boundary=----WebKitFormBoundaryQVhDAQwktVtwCmZ8 462239
2025-08-25 11:04:28,311 INFO  [Microsoft.AspNetCore.Routing.EndpointMiddleware] Executing endpoint 'MES_ReportForms.API.Controllers.AdminControllers.ImportFileController.ImportEmployeeAttendanceData (MES_ReportForms.API)'
2025-08-25 11:04:28,319 INFO  [Microsoft.AspNetCore.Mvc.Infrastructure.ControllerActionInvoker] Route matched with {action = "ImportEmployeeAttendanceData", controller = "ImportFile"}. Executing controller action with signature MES_ReportForms.Core.Models.ApiResult`1[System.Collections.Generic.List`1[MES_ReportForms.Core.Entities.System.T_EmployeeAttendanceEntity]] ImportEmployeeAttendanceData(Microsoft.AspNetCore.Http.IFormFile) on controller MES_ReportForms.API.Controllers.AdminControllers.ImportFileController (MES_ReportForms.API).
2025-08-25 11:04:28,726 INFO  [Microsoft.AspNetCore.Mvc.Infrastructure.ObjectResultExecutor] Executing ObjectResult, writing value of type 'MES_ReportForms.Core.Models.ApiResult`1[[System.Collections.Generic.List`1[[MES_ReportForms.Core.Entities.System.T_EmployeeAttendanceEntity, MES_ReportForms.Core, Version=1.0.0.0, Culture=neutral, PublicKeyToken=null]], System.Private.CoreLib, Version=8.0.0.0, Culture=neutral, PublicKeyToken=7cec85d7bea7798e]]'.
2025-08-25 11:04:28,732 INFO  [Microsoft.AspNetCore.Mvc.Infrastructure.ControllerActionInvoker] Executed action MES_ReportForms.API.Controllers.AdminControllers.ImportFileController.ImportEmployeeAttendanceData (MES_ReportForms.API) in 408.1356ms
2025-08-25 11:04:28,737 INFO  [Microsoft.AspNetCore.Routing.EndpointMiddleware] Executed endpoint 'MES_ReportForms.API.Controllers.AdminControllers.ImportFileController.ImportEmployeeAttendanceData (MES_ReportForms.API)'
2025-08-25 11:04:28,749 INFO  [Microsoft.AspNetCore.Hosting.Diagnostics] Request finished HTTP/2 POST https://localhost:7014/api/importFile/ImportEmployeeAttendanceData - 200 - application/json;+charset=utf-8 465.0748ms
2025-08-25 11:05:50,568 INFO  [Microsoft.AspNetCore.Hosting.Diagnostics] Request starting HTTP/2 POST https://localhost:7014/api/importFile/ImportEmployeeAttendanceData - multipart/form-data;+boundary=----WebKitFormBoundaryOE35BTtGbBsLtKOZ 462239
2025-08-25 11:05:50,597 INFO  [Microsoft.AspNetCore.Routing.EndpointMiddleware] Executing endpoint 'MES_ReportForms.API.Controllers.AdminControllers.ImportFileController.ImportEmployeeAttendanceData (MES_ReportForms.API)'
2025-08-25 11:05:50,607 INFO  [Microsoft.AspNetCore.Mvc.Infrastructure.ControllerActionInvoker] Route matched with {action = "ImportEmployeeAttendanceData", controller = "ImportFile"}. Executing controller action with signature MES_ReportForms.Core.Models.ApiResult`1[System.Collections.Generic.List`1[MES_ReportForms.Core.Entities.System.T_EmployeeAttendanceEntity]] ImportEmployeeAttendanceData(Microsoft.AspNetCore.Http.IFormFile) on controller MES_ReportForms.API.Controllers.AdminControllers.ImportFileController (MES_ReportForms.API).
2025-08-25 11:05:51,021 INFO  [Microsoft.AspNetCore.Mvc.Infrastructure.ObjectResultExecutor] Executing ObjectResult, writing value of type 'MES_ReportForms.Core.Models.ApiResult`1[[System.Collections.Generic.List`1[[MES_ReportForms.Core.Entities.System.T_EmployeeAttendanceEntity, MES_ReportForms.Core, Version=1.0.0.0, Culture=neutral, PublicKeyToken=null]], System.Private.CoreLib, Version=8.0.0.0, Culture=neutral, PublicKeyToken=7cec85d7bea7798e]]'.
2025-08-25 11:05:51,028 INFO  [Microsoft.AspNetCore.Mvc.Infrastructure.ControllerActionInvoker] Executed action MES_ReportForms.API.Controllers.AdminControllers.ImportFileController.ImportEmployeeAttendanceData (MES_ReportForms.API) in 413.914ms
2025-08-25 11:05:51,033 INFO  [Microsoft.AspNetCore.Routing.EndpointMiddleware] Executed endpoint 'MES_ReportForms.API.Controllers.AdminControllers.ImportFileController.ImportEmployeeAttendanceData (MES_ReportForms.API)'
2025-08-25 11:05:51,048 INFO  [Microsoft.AspNetCore.Hosting.Diagnostics] Request finished HTTP/2 POST https://localhost:7014/api/importFile/ImportEmployeeAttendanceData - 200 - application/json;+charset=utf-8 500.8680ms
2025-08-25 11:06:38,439 INFO  [Microsoft.AspNetCore.Hosting.Diagnostics] Request starting HTTP/2 POST https://localhost:7014/api/importFile/ImportEmployeeAttendanceData - multipart/form-data;+boundary=----WebKitFormBoundaryvhu5jtj95uY8EwcB 462239
2025-08-25 11:06:38,452 INFO  [Microsoft.AspNetCore.Routing.EndpointMiddleware] Executing endpoint 'MES_ReportForms.API.Controllers.AdminControllers.ImportFileController.ImportEmployeeAttendanceData (MES_ReportForms.API)'
2025-08-25 11:06:38,456 INFO  [Microsoft.AspNetCore.Mvc.Infrastructure.ControllerActionInvoker] Route matched with {action = "ImportEmployeeAttendanceData", controller = "ImportFile"}. Executing controller action with signature MES_ReportForms.Core.Models.ApiResult`1[System.Collections.Generic.List`1[MES_ReportForms.Core.Entities.System.T_EmployeeAttendanceEntity]] ImportEmployeeAttendanceData(Microsoft.AspNetCore.Http.IFormFile) on controller MES_ReportForms.API.Controllers.AdminControllers.ImportFileController (MES_ReportForms.API).
2025-08-25 11:06:38,812 INFO  [Microsoft.AspNetCore.Mvc.Infrastructure.ObjectResultExecutor] Executing ObjectResult, writing value of type 'MES_ReportForms.Core.Models.ApiResult`1[[System.Collections.Generic.List`1[[MES_ReportForms.Core.Entities.System.T_EmployeeAttendanceEntity, MES_ReportForms.Core, Version=1.0.0.0, Culture=neutral, PublicKeyToken=null]], System.Private.CoreLib, Version=8.0.0.0, Culture=neutral, PublicKeyToken=7cec85d7bea7798e]]'.
2025-08-25 11:06:38,816 INFO  [Microsoft.AspNetCore.Mvc.Infrastructure.ControllerActionInvoker] Executed action MES_ReportForms.API.Controllers.AdminControllers.ImportFileController.ImportEmployeeAttendanceData (MES_ReportForms.API) in 355.4608ms
2025-08-25 11:06:38,820 INFO  [Microsoft.AspNetCore.Routing.EndpointMiddleware] Executed endpoint 'MES_ReportForms.API.Controllers.AdminControllers.ImportFileController.ImportEmployeeAttendanceData (MES_ReportForms.API)'
2025-08-25 11:06:38,833 INFO  [Microsoft.AspNetCore.Hosting.Diagnostics] Request finished HTTP/2 POST https://localhost:7014/api/importFile/ImportEmployeeAttendanceData - 200 - application/json;+charset=utf-8 400.9189ms
2025-08-25 11:07:53,383 INFO  [Microsoft.AspNetCore.DataProtection.KeyManagement.XmlKeyManager] User profile is available. Using 'C:\Users\devpc\AppData\Local\ASP.NET\DataProtection-Keys' as key repository and Windows DPAPI to encrypt keys at rest.
2025-08-25 11:07:53,563 WARN  [Microsoft.AspNetCore.StaticFiles.StaticFileMiddleware] The WebRootPath was not found: D:\GitHub\olp-dashboard\MES_ReportForms.API\wwwroot. Static files may be unavailable.
2025-08-25 11:07:53,793 INFO  [Microsoft.Hosting.Lifetime] Now listening on: https://localhost:7014
2025-08-25 11:07:53,797 INFO  [Microsoft.Hosting.Lifetime] Now listening on: http://localhost:5091
2025-08-25 11:07:53,987 INFO  [Microsoft.Hosting.Lifetime] Application started. Press Ctrl+C to shut down.
2025-08-25 11:07:53,993 INFO  [Microsoft.Hosting.Lifetime] Hosting environment: Development
2025-08-25 11:07:53,998 INFO  [Microsoft.Hosting.Lifetime] Content root path: D:\GitHub\olp-dashboard\MES_ReportForms.API
2025-08-25 11:07:55,220 INFO  [Microsoft.AspNetCore.Hosting.Diagnostics] Request starting HTTP/2 GET https://localhost:7014/swagger/index.html - - -
2025-08-25 11:07:55,708 INFO  [Microsoft.AspNetCore.Hosting.Diagnostics] Request finished HTTP/2 GET https://localhost:7014/swagger/index.html - 200 - text/html;charset=utf-8 469.2223ms
2025-08-25 11:07:55,719 INFO  [Microsoft.AspNetCore.Hosting.Diagnostics] Request starting HTTP/2 GET https://localhost:7014/_framework/aspnetcore-browser-refresh.js - - -
2025-08-25 11:07:55,729 INFO  [Microsoft.AspNetCore.Hosting.Diagnostics] Request starting HTTP/2 GET https://localhost:7014/_vs/browserLink - - -
2025-08-25 11:07:55,748 INFO  [Microsoft.AspNetCore.Hosting.Diagnostics] Request finished HTTP/2 GET https://localhost:7014/_framework/aspnetcore-browser-refresh.js - 200 13774 application/javascript;+charset=utf-8 29.7936ms
2025-08-25 11:07:55,840 INFO  [Microsoft.AspNetCore.Hosting.Diagnostics] Request finished HTTP/2 GET https://localhost:7014/_vs/browserLink - 200 - text/javascript;+charset=UTF-8 122.4978ms
2025-08-25 11:07:55,891 INFO  [Microsoft.AspNetCore.Hosting.Diagnostics] Request starting HTTP/2 GET https://localhost:7014/swagger/ReportFormAPI/swagger.json - - -
2025-08-25 11:07:56,223 INFO  [Microsoft.AspNetCore.Hosting.Diagnostics] Request finished HTTP/2 GET https://localhost:7014/swagger/ReportFormAPI/swagger.json - 200 - application/json;charset=utf-8 336.0313ms
2025-08-25 11:09:46,151 INFO  [Microsoft.AspNetCore.Hosting.Diagnostics] Request starting HTTP/2 POST https://localhost:7014/api/auth/token?guid=10100593&password=Aa123456 - - 0
2025-08-25 11:09:46,360 INFO  [Microsoft.AspNetCore.Routing.EndpointMiddleware] Executing endpoint 'MES_ReportForms.API.Controllers.AuthController.GetToken (MES_ReportForms.API)'
2025-08-25 11:09:46,396 INFO  [Microsoft.AspNetCore.Mvc.Infrastructure.ControllerActionInvoker] Route matched with {action = "GetToken", controller = "Auth"}. Executing controller action with signature MES_ReportForms.Core.Models.ApiResult`1[System.String] GetToken(System.String, System.String) on controller MES_ReportForms.API.Controllers.AuthController (MES_ReportForms.API).
2025-08-25 11:09:46,961 WARN  [Microsoft.EntityFrameworkCore.Model.Validation] Sensitive data logging is enabled. Log entries and exception messages may include sensitive application data; this mode should only be enabled during development.
2025-08-25 11:09:47,736 INFO  [Microsoft.EntityFrameworkCore.Database.Command] Executed DbCommand (43ms) [Parameters=[@__guid_0='10100593' (Size = 450)], CommandType='Text', CommandTimeout='30']
SELECT TOP(1) [t].[GUID], [t].[BusinessType], [t].[CreateTime], [t].[Data_Permission], [t].[EmployeeId], [t].[Import_Permission], [t].[OrganizationID], [t].[Password], [t].[UpdateTime], [t].[User_Email], [t].[User_Name], [t].[Web_Permission]
FROM [T_UserMaster] AS [t]
WHERE [t].[GUID] = @__guid_0
2025-08-25 11:09:47,974 INFO  [Microsoft.AspNetCore.Mvc.Infrastructure.ObjectResultExecutor] Executing ObjectResult, writing value of type 'MES_ReportForms.Core.Models.ApiResult`1[[System.String, System.Private.CoreLib, Version=8.0.0.0, Culture=neutral, PublicKeyToken=7cec85d7bea7798e]]'.
2025-08-25 11:09:47,993 INFO  [Microsoft.AspNetCore.Mvc.Infrastructure.ControllerActionInvoker] Executed action MES_ReportForms.API.Controllers.AuthController.GetToken (MES_ReportForms.API) in 1580.6851ms
2025-08-25 11:09:47,999 INFO  [Microsoft.AspNetCore.Routing.EndpointMiddleware] Executed endpoint 'MES_ReportForms.API.Controllers.AuthController.GetToken (MES_ReportForms.API)'
2025-08-25 11:09:48,043 INFO  [Microsoft.AspNetCore.Hosting.Diagnostics] Request finished HTTP/2 POST https://localhost:7014/api/auth/token?guid=10100593&password=Aa123456 - 200 - application/json;+charset=utf-8 1897.1871ms
2025-08-25 11:10:34,482 INFO  [Microsoft.AspNetCore.Hosting.Diagnostics] Request starting HTTP/2 POST https://localhost:7014/api/importFile/ImportEmployeeAttendanceData - multipart/form-data;+boundary=----WebKitFormBoundarybsAQ3CZXLyyH957L 462239
2025-08-25 11:10:34,569 INFO  [Microsoft.AspNetCore.Routing.EndpointMiddleware] Executing endpoint 'MES_ReportForms.API.Controllers.AdminControllers.ImportFileController.ImportEmployeeAttendanceData (MES_ReportForms.API)'
2025-08-25 11:10:34,577 INFO  [Microsoft.AspNetCore.Mvc.Infrastructure.ControllerActionInvoker] Route matched with {action = "ImportEmployeeAttendanceData", controller = "ImportFile"}. Executing controller action with signature MES_ReportForms.Core.Models.ApiResult`1[System.Collections.Generic.List`1[MES_ReportForms.Core.Entities.System.T_EmployeeAttendanceEntity]] ImportEmployeeAttendanceData(Microsoft.AspNetCore.Http.IFormFile) on controller MES_ReportForms.API.Controllers.AdminControllers.ImportFileController (MES_ReportForms.API).
2025-08-25 11:10:35,837 INFO  [Microsoft.AspNetCore.Mvc.Infrastructure.ObjectResultExecutor] Executing ObjectResult, writing value of type 'MES_ReportForms.Core.Models.ApiResult`1[[System.Collections.Generic.List`1[[MES_ReportForms.Core.Entities.System.T_EmployeeAttendanceEntity, MES_ReportForms.Core, Version=1.0.0.0, Culture=neutral, PublicKeyToken=null]], System.Private.CoreLib, Version=8.0.0.0, Culture=neutral, PublicKeyToken=7cec85d7bea7798e]]'.
2025-08-25 11:10:35,853 INFO  [Microsoft.AspNetCore.Mvc.Infrastructure.ControllerActionInvoker] Executed action MES_ReportForms.API.Controllers.AdminControllers.ImportFileController.ImportEmployeeAttendanceData (MES_ReportForms.API) in 1269.0837ms
2025-08-25 11:10:35,860 INFO  [Microsoft.AspNetCore.Routing.EndpointMiddleware] Executed endpoint 'MES_ReportForms.API.Controllers.AdminControllers.ImportFileController.ImportEmployeeAttendanceData (MES_ReportForms.API)'
2025-08-25 11:10:35,880 INFO  [Microsoft.AspNetCore.Hosting.Diagnostics] Request finished HTTP/2 POST https://localhost:7014/api/importFile/ImportEmployeeAttendanceData - 200 - application/json;+charset=utf-8 1415.2489ms
2025-08-25 11:11:59,375 INFO  [Microsoft.AspNetCore.DataProtection.KeyManagement.XmlKeyManager] User profile is available. Using 'C:\Users\devpc\AppData\Local\ASP.NET\DataProtection-Keys' as key repository and Windows DPAPI to encrypt keys at rest.
2025-08-25 11:11:59,558 WARN  [Microsoft.AspNetCore.StaticFiles.StaticFileMiddleware] The WebRootPath was not found: D:\GitHub\olp-dashboard\MES_ReportForms.API\wwwroot. Static files may be unavailable.
2025-08-25 11:11:59,807 INFO  [Microsoft.Hosting.Lifetime] Now listening on: https://localhost:7014
2025-08-25 11:11:59,812 INFO  [Microsoft.Hosting.Lifetime] Now listening on: http://localhost:5091
2025-08-25 11:12:00,126 INFO  [Microsoft.Hosting.Lifetime] Application started. Press Ctrl+C to shut down.
2025-08-25 11:12:00,132 INFO  [Microsoft.Hosting.Lifetime] Hosting environment: Development
2025-08-25 11:12:00,136 INFO  [Microsoft.Hosting.Lifetime] Content root path: D:\GitHub\olp-dashboard\MES_ReportForms.API
2025-08-25 11:12:00,821 INFO  [Microsoft.AspNetCore.Hosting.Diagnostics] Request starting HTTP/2 GET https://localhost:7014/swagger/index.html - - -
2025-08-25 11:12:01,480 INFO  [Microsoft.AspNetCore.Hosting.Diagnostics] Request finished HTTP/2 GET https://localhost:7014/swagger/index.html - 200 - text/html;charset=utf-8 673.8729ms
2025-08-25 11:12:01,501 INFO  [Microsoft.AspNetCore.Hosting.Diagnostics] Request starting HTTP/2 GET https://localhost:7014/_framework/aspnetcore-browser-refresh.js - - -
2025-08-25 11:12:01,512 INFO  [Microsoft.AspNetCore.Hosting.Diagnostics] Request starting HTTP/2 GET https://localhost:7014/_vs/browserLink - - -
2025-08-25 11:12:01,525 INFO  [Microsoft.AspNetCore.Hosting.Diagnostics] Request finished HTTP/2 GET https://localhost:7014/_framework/aspnetcore-browser-refresh.js - 200 13774 application/javascript;+charset=utf-8 34.8904ms
2025-08-25 11:12:01,638 INFO  [Microsoft.AspNetCore.Hosting.Diagnostics] Request finished HTTP/2 GET https://localhost:7014/_vs/browserLink - 200 - text/javascript;+charset=UTF-8 126.7998ms
2025-08-25 11:12:01,715 INFO  [Microsoft.AspNetCore.Hosting.Diagnostics] Request starting HTTP/2 GET https://localhost:7014/swagger/ReportFormAPI/swagger.json - - -
2025-08-25 11:12:02,246 INFO  [Microsoft.AspNetCore.Hosting.Diagnostics] Request finished HTTP/2 GET https://localhost:7014/swagger/ReportFormAPI/swagger.json - 200 - application/json;charset=utf-8 537.6238ms
2025-08-25 11:12:22,140 INFO  [Microsoft.AspNetCore.Hosting.Diagnostics] Request starting HTTP/2 POST https://localhost:7014/api/auth/token?guid=10100593&password=Aa123456 - - 0
2025-08-25 11:12:22,318 INFO  [Microsoft.AspNetCore.Routing.EndpointMiddleware] Executing endpoint 'MES_ReportForms.API.Controllers.AuthController.GetToken (MES_ReportForms.API)'
2025-08-25 11:12:22,351 INFO  [Microsoft.AspNetCore.Mvc.Infrastructure.ControllerActionInvoker] Route matched with {action = "GetToken", controller = "Auth"}. Executing controller action with signature MES_ReportForms.Core.Models.ApiResult`1[System.String] GetToken(System.String, System.String) on controller MES_ReportForms.API.Controllers.AuthController (MES_ReportForms.API).
2025-08-25 11:12:22,910 WARN  [Microsoft.EntityFrameworkCore.Model.Validation] Sensitive data logging is enabled. Log entries and exception messages may include sensitive application data; this mode should only be enabled during development.
2025-08-25 11:12:23,679 INFO  [Microsoft.EntityFrameworkCore.Database.Command] Executed DbCommand (37ms) [Parameters=[@__guid_0='10100593' (Size = 450)], CommandType='Text', CommandTimeout='30']
SELECT TOP(1) [t].[GUID], [t].[BusinessType], [t].[CreateTime], [t].[Data_Permission], [t].[EmployeeId], [t].[Import_Permission], [t].[OrganizationID], [t].[Password], [t].[UpdateTime], [t].[User_Email], [t].[User_Name], [t].[Web_Permission]
FROM [T_UserMaster] AS [t]
WHERE [t].[GUID] = @__guid_0
2025-08-25 11:12:23,906 INFO  [Microsoft.AspNetCore.Mvc.Infrastructure.ObjectResultExecutor] Executing ObjectResult, writing value of type 'MES_ReportForms.Core.Models.ApiResult`1[[System.String, System.Private.CoreLib, Version=8.0.0.0, Culture=neutral, PublicKeyToken=7cec85d7bea7798e]]'.
2025-08-25 11:12:23,925 INFO  [Microsoft.AspNetCore.Mvc.Infrastructure.ControllerActionInvoker] Executed action MES_ReportForms.API.Controllers.AuthController.GetToken (MES_ReportForms.API) in 1559.3403ms
2025-08-25 11:12:23,929 INFO  [Microsoft.AspNetCore.Routing.EndpointMiddleware] Executed endpoint 'MES_ReportForms.API.Controllers.AuthController.GetToken (MES_ReportForms.API)'
2025-08-25 11:12:23,953 INFO  [Microsoft.AspNetCore.Hosting.Diagnostics] Request finished HTTP/2 POST https://localhost:7014/api/auth/token?guid=10100593&password=Aa123456 - 200 - application/json;+charset=utf-8 1814.7968ms
2025-08-25 11:12:58,948 INFO  [Microsoft.AspNetCore.Hosting.Diagnostics] Request starting HTTP/2 POST https://localhost:7014/api/importFile/ImportEmployeeAttendanceData - multipart/form-data;+boundary=----WebKitFormBoundary6xGQAxRAhKsU03mZ 462239
2025-08-25 11:12:59,055 INFO  [Microsoft.AspNetCore.Routing.EndpointMiddleware] Executing endpoint 'MES_ReportForms.API.Controllers.AdminControllers.ImportFileController.ImportEmployeeAttendanceData (MES_ReportForms.API)'
2025-08-25 11:12:59,066 INFO  [Microsoft.AspNetCore.Mvc.Infrastructure.ControllerActionInvoker] Route matched with {action = "ImportEmployeeAttendanceData", controller = "ImportFile"}. Executing controller action with signature MES_ReportForms.Core.Models.ApiResult`1[System.Collections.Generic.List`1[MES_ReportForms.Core.Entities.System.T_EmployeeAttendanceEntity]] ImportEmployeeAttendanceData(Microsoft.AspNetCore.Http.IFormFile) on controller MES_ReportForms.API.Controllers.AdminControllers.ImportFileController (MES_ReportForms.API).
2025-08-25 11:17:24,791 INFO  [Microsoft.AspNetCore.Mvc.Infrastructure.ObjectResultExecutor] Executing ObjectResult, writing value of type 'MES_ReportForms.Core.Models.ApiResult`1[[System.Collections.Generic.List`1[[MES_ReportForms.Core.Entities.System.T_EmployeeAttendanceEntity, MES_ReportForms.Core, Version=1.0.0.0, Culture=neutral, PublicKeyToken=null]], System.Private.CoreLib, Version=8.0.0.0, Culture=neutral, PublicKeyToken=7cec85d7bea7798e]]'.
2025-08-25 11:17:24,811 INFO  [Microsoft.AspNetCore.Mvc.Infrastructure.ControllerActionInvoker] Executed action MES_ReportForms.API.Controllers.AdminControllers.ImportFileController.ImportEmployeeAttendanceData (MES_ReportForms.API) in 265741.007ms
2025-08-25 11:17:24,818 INFO  [Microsoft.AspNetCore.Routing.EndpointMiddleware] Executed endpoint 'MES_ReportForms.API.Controllers.AdminControllers.ImportFileController.ImportEmployeeAttendanceData (MES_ReportForms.API)'
2025-08-25 11:17:24,839 INFO  [Microsoft.AspNetCore.Hosting.Diagnostics] Request finished HTTP/2 POST https://localhost:7014/api/importFile/ImportEmployeeAttendanceData - 200 - application/json;+charset=utf-8 265890.8864ms
2025-08-25 11:18:31,810 INFO  [Microsoft.AspNetCore.Hosting.Diagnostics] Request starting HTTP/2 POST https://localhost:7014/api/importFile/ImportEmployeeAttendanceData - multipart/form-data;+boundary=----WebKitFormBoundaryjhq5TTHB8VPuKcvc 462239
2025-08-25 11:18:31,830 INFO  [Microsoft.AspNetCore.Routing.EndpointMiddleware] Executing endpoint 'MES_ReportForms.API.Controllers.AdminControllers.ImportFileController.ImportEmployeeAttendanceData (MES_ReportForms.API)'
2025-08-25 11:18:31,836 INFO  [Microsoft.AspNetCore.Mvc.Infrastructure.ControllerActionInvoker] Route matched with {action = "ImportEmployeeAttendanceData", controller = "ImportFile"}. Executing controller action with signature MES_ReportForms.Core.Models.ApiResult`1[System.Collections.Generic.List`1[MES_ReportForms.Core.Entities.System.T_EmployeeAttendanceEntity]] ImportEmployeeAttendanceData(Microsoft.AspNetCore.Http.IFormFile) on controller MES_ReportForms.API.Controllers.AdminControllers.ImportFileController (MES_ReportForms.API).
2025-08-25 11:24:33,097 INFO  [Microsoft.AspNetCore.DataProtection.KeyManagement.XmlKeyManager] User profile is available. Using 'C:\Users\devpc\AppData\Local\ASP.NET\DataProtection-Keys' as key repository and Windows DPAPI to encrypt keys at rest.
2025-08-25 11:24:33,290 WARN  [Microsoft.AspNetCore.StaticFiles.StaticFileMiddleware] The WebRootPath was not found: D:\GitHub\olp-dashboard\MES_ReportForms.API\wwwroot. Static files may be unavailable.
2025-08-25 11:24:33,462 INFO  [Microsoft.Hosting.Lifetime] Now listening on: https://localhost:7014
2025-08-25 11:24:33,467 INFO  [Microsoft.Hosting.Lifetime] Now listening on: http://localhost:5091
2025-08-25 11:24:33,651 INFO  [Microsoft.Hosting.Lifetime] Application started. Press Ctrl+C to shut down.
2025-08-25 11:24:33,657 INFO  [Microsoft.Hosting.Lifetime] Hosting environment: Development
2025-08-25 11:24:33,662 INFO  [Microsoft.Hosting.Lifetime] Content root path: D:\GitHub\olp-dashboard\MES_ReportForms.API
2025-08-25 11:24:34,280 INFO  [Microsoft.AspNetCore.Hosting.Diagnostics] Request starting HTTP/2 GET https://localhost:7014/swagger/index.html - - -
2025-08-25 11:24:34,806 INFO  [Microsoft.AspNetCore.Hosting.Diagnostics] Request finished HTTP/2 GET https://localhost:7014/swagger/index.html - 200 - text/html;charset=utf-8 492.2810ms
2025-08-25 11:24:34,813 INFO  [Microsoft.AspNetCore.Hosting.Diagnostics] Request starting HTTP/2 GET https://localhost:7014/_vs/browserLink - - -
2025-08-25 11:24:34,819 INFO  [Microsoft.AspNetCore.Hosting.Diagnostics] Request starting HTTP/2 GET https://localhost:7014/_framework/aspnetcore-browser-refresh.js - - -
2025-08-25 11:24:34,839 INFO  [Microsoft.AspNetCore.Hosting.Diagnostics] Request finished HTTP/2 GET https://localhost:7014/_framework/aspnetcore-browser-refresh.js - 200 13774 application/javascript;+charset=utf-8 22.4723ms
2025-08-25 11:24:34,919 INFO  [Microsoft.AspNetCore.Hosting.Diagnostics] Request finished HTTP/2 GET https://localhost:7014/_vs/browserLink - 200 - text/javascript;+charset=UTF-8 106.5428ms
2025-08-25 11:24:34,979 INFO  [Microsoft.AspNetCore.Hosting.Diagnostics] Request starting HTTP/2 GET https://localhost:7014/swagger/ReportFormAPI/swagger.json - - -
2025-08-25 11:24:35,287 INFO  [Microsoft.AspNetCore.Hosting.Diagnostics] Request finished HTTP/2 GET https://localhost:7014/swagger/ReportFormAPI/swagger.json - 200 - application/json;charset=utf-8 307.5321ms
2025-08-25 11:25:56,144 INFO  [Microsoft.AspNetCore.Hosting.Diagnostics] Request starting HTTP/2 POST https://localhost:7014/api/auth/token?guid=10100593&password=Aa123456 - - 0
2025-08-25 11:25:56,329 INFO  [Microsoft.AspNetCore.Routing.EndpointMiddleware] Executing endpoint 'MES_ReportForms.API.Controllers.AuthController.GetToken (MES_ReportForms.API)'
2025-08-25 11:25:56,371 INFO  [Microsoft.AspNetCore.Mvc.Infrastructure.ControllerActionInvoker] Route matched with {action = "GetToken", controller = "Auth"}. Executing controller action with signature MES_ReportForms.Core.Models.ApiResult`1[System.String] GetToken(System.String, System.String) on controller MES_ReportForms.API.Controllers.AuthController (MES_ReportForms.API).
2025-08-25 11:25:57,002 WARN  [Microsoft.EntityFrameworkCore.Model.Validation] Sensitive data logging is enabled. Log entries and exception messages may include sensitive application data; this mode should only be enabled during development.
2025-08-25 11:25:58,000 INFO  [Microsoft.EntityFrameworkCore.Database.Command] Executed DbCommand (68ms) [Parameters=[@__guid_0='10100593' (Size = 450)], CommandType='Text', CommandTimeout='30']
SELECT TOP(1) [t].[GUID], [t].[BusinessType], [t].[CreateTime], [t].[Data_Permission], [t].[EmployeeId], [t].[Import_Permission], [t].[OrganizationID], [t].[Password], [t].[UpdateTime], [t].[User_Email], [t].[User_Name], [t].[Web_Permission]
FROM [T_UserMaster] AS [t]
WHERE [t].[GUID] = @__guid_0
2025-08-25 11:25:58,280 INFO  [Microsoft.AspNetCore.Mvc.Infrastructure.ObjectResultExecutor] Executing ObjectResult, writing value of type 'MES_ReportForms.Core.Models.ApiResult`1[[System.String, System.Private.CoreLib, Version=8.0.0.0, Culture=neutral, PublicKeyToken=7cec85d7bea7798e]]'.
2025-08-25 11:25:58,297 INFO  [Microsoft.AspNetCore.Mvc.Infrastructure.ControllerActionInvoker] Executed action MES_ReportForms.API.Controllers.AuthController.GetToken (MES_ReportForms.API) in 1912.438ms
2025-08-25 11:25:58,302 INFO  [Microsoft.AspNetCore.Routing.EndpointMiddleware] Executed endpoint 'MES_ReportForms.API.Controllers.AuthController.GetToken (MES_ReportForms.API)'
2025-08-25 11:25:58,341 INFO  [Microsoft.AspNetCore.Hosting.Diagnostics] Request finished HTTP/2 POST https://localhost:7014/api/auth/token?guid=10100593&password=Aa123456 - 200 - application/json;+charset=utf-8 2197.7872ms
2025-08-25 11:26:37,375 INFO  [Microsoft.AspNetCore.Hosting.Diagnostics] Request starting HTTP/2 POST https://localhost:7014/api/importFile/ImportEmployeeAttendanceData - multipart/form-data;+boundary=----WebKitFormBoundarySjLqElFASWdmq6zl 462239
2025-08-25 11:26:37,495 INFO  [Microsoft.AspNetCore.Routing.EndpointMiddleware] Executing endpoint 'MES_ReportForms.API.Controllers.AdminControllers.ImportFileController.ImportEmployeeAttendanceData (MES_ReportForms.API)'
2025-08-25 11:26:37,504 INFO  [Microsoft.AspNetCore.Mvc.Infrastructure.ControllerActionInvoker] Route matched with {action = "ImportEmployeeAttendanceData", controller = "ImportFile"}. Executing controller action with signature MES_ReportForms.Core.Models.ApiResult`1[System.Collections.Generic.List`1[MES_ReportForms.Core.Entities.System.T_EmployeeAttendanceEntity]] ImportEmployeeAttendanceData(Microsoft.AspNetCore.Http.IFormFile) on controller MES_ReportForms.API.Controllers.AdminControllers.ImportFileController (MES_ReportForms.API).
2025-08-25 11:26:42,055 INFO  [Microsoft.AspNetCore.Mvc.Infrastructure.ObjectResultExecutor] Executing ObjectResult, writing value of type 'MES_ReportForms.Core.Models.ApiResult`1[[System.Collections.Generic.List`1[[MES_ReportForms.Core.Entities.System.T_EmployeeAttendanceEntity, MES_ReportForms.Core, Version=1.0.0.0, Culture=neutral, PublicKeyToken=null]], System.Private.CoreLib, Version=8.0.0.0, Culture=neutral, PublicKeyToken=7cec85d7bea7798e]]'.
2025-08-25 11:26:42,075 INFO  [Microsoft.AspNetCore.Mvc.Infrastructure.ControllerActionInvoker] Executed action MES_ReportForms.API.Controllers.AdminControllers.ImportFileController.ImportEmployeeAttendanceData (MES_ReportForms.API) in 4563.9887ms
2025-08-25 11:26:42,082 INFO  [Microsoft.AspNetCore.Routing.EndpointMiddleware] Executed endpoint 'MES_ReportForms.API.Controllers.AdminControllers.ImportFileController.ImportEmployeeAttendanceData (MES_ReportForms.API)'
2025-08-25 11:26:42,103 INFO  [Microsoft.AspNetCore.Hosting.Diagnostics] Request finished HTTP/2 POST https://localhost:7014/api/importFile/ImportEmployeeAttendanceData - 200 - application/json;+charset=utf-8 4734.3995ms
2025-08-25 13:06:41,049 INFO  [Microsoft.AspNetCore.DataProtection.KeyManagement.XmlKeyManager] User profile is available. Using 'C:\Users\devpc\AppData\Local\ASP.NET\DataProtection-Keys' as key repository and Windows DPAPI to encrypt keys at rest.
2025-08-25 13:06:41,246 WARN  [Microsoft.AspNetCore.StaticFiles.StaticFileMiddleware] The WebRootPath was not found: D:\GitHub\olp-dashboard\MES_ReportForms.API\wwwroot. Static files may be unavailable.
2025-08-25 13:06:41,429 INFO  [Microsoft.Hosting.Lifetime] Now listening on: https://localhost:7014
2025-08-25 13:06:41,434 INFO  [Microsoft.Hosting.Lifetime] Now listening on: http://localhost:5091
2025-08-25 13:06:41,687 INFO  [Microsoft.Hosting.Lifetime] Application started. Press Ctrl+C to shut down.
2025-08-25 13:06:41,694 INFO  [Microsoft.Hosting.Lifetime] Hosting environment: Development
2025-08-25 13:06:41,700 INFO  [Microsoft.Hosting.Lifetime] Content root path: D:\GitHub\olp-dashboard\MES_ReportForms.API
2025-08-25 13:06:42,048 INFO  [Microsoft.AspNetCore.Hosting.Diagnostics] Request starting HTTP/2 GET https://localhost:7014/swagger/index.html - - -
2025-08-25 13:06:42,611 INFO  [Microsoft.AspNetCore.Hosting.Diagnostics] Request starting HTTP/2 GET https://localhost:7014/_framework/aspnetcore-browser-refresh.js - - -
2025-08-25 13:06:42,622 INFO  [Microsoft.AspNetCore.Hosting.Diagnostics] Request starting HTTP/2 GET https://localhost:7014/_vs/browserLink - - -
2025-08-25 13:06:42,633 INFO  [Microsoft.AspNetCore.Hosting.Diagnostics] Request finished HTTP/2 GET https://localhost:7014/swagger/index.html - 200 - text/html;charset=utf-8 589.4267ms
2025-08-25 13:06:42,642 INFO  [Microsoft.AspNetCore.Hosting.Diagnostics] Request finished HTTP/2 GET https://localhost:7014/_framework/aspnetcore-browser-refresh.js - 200 13774 application/javascript;+charset=utf-8 36.7878ms
2025-08-25 13:06:42,733 INFO  [Microsoft.AspNetCore.Hosting.Diagnostics] Request finished HTTP/2 GET https://localhost:7014/_vs/browserLink - 200 - text/javascript;+charset=UTF-8 128.4927ms
2025-08-25 13:06:42,801 INFO  [Microsoft.AspNetCore.Hosting.Diagnostics] Request starting HTTP/2 GET https://localhost:7014/swagger/ReportFormAPI/swagger.json - - -
2025-08-25 13:06:43,129 INFO  [Microsoft.AspNetCore.Hosting.Diagnostics] Request finished HTTP/2 GET https://localhost:7014/swagger/ReportFormAPI/swagger.json - 200 - application/json;charset=utf-8 329.1926ms
2025-08-25 13:06:59,617 INFO  [Microsoft.AspNetCore.Hosting.Diagnostics] Request starting HTTP/2 POST https://localhost:7014/api/auth/token?guid=10100593&password=Aa123456 - - 0
2025-08-25 13:06:59,796 INFO  [Microsoft.AspNetCore.Routing.EndpointMiddleware] Executing endpoint 'MES_ReportForms.API.Controllers.AuthController.GetToken (MES_ReportForms.API)'
2025-08-25 13:06:59,836 INFO  [Microsoft.AspNetCore.Mvc.Infrastructure.ControllerActionInvoker] Route matched with {action = "GetToken", controller = "Auth"}. Executing controller action with signature MES_ReportForms.Core.Models.ApiResult`1[System.String] GetToken(System.String, System.String) on controller MES_ReportForms.API.Controllers.AuthController (MES_ReportForms.API).
2025-08-25 13:07:00,596 WARN  [Microsoft.EntityFrameworkCore.Model.Validation] Sensitive data logging is enabled. Log entries and exception messages may include sensitive application data; this mode should only be enabled during development.
2025-08-25 13:07:01,933 INFO  [Microsoft.EntityFrameworkCore.Database.Command] Executed DbCommand (76ms) [Parameters=[@__guid_0='10100593' (Size = 450)], CommandType='Text', CommandTimeout='30']
SELECT TOP(1) [t].[GUID], [t].[BusinessType], [t].[CreateTime], [t].[Data_Permission], [t].[EmployeeId], [t].[Import_Permission], [t].[OrganizationID], [t].[Password], [t].[UpdateTime], [t].[User_Email], [t].[User_Name], [t].[Web_Permission]
FROM [T_UserMaster] AS [t]
WHERE [t].[GUID] = @__guid_0
2025-08-25 13:07:02,271 INFO  [Microsoft.AspNetCore.Mvc.Infrastructure.ObjectResultExecutor] Executing ObjectResult, writing value of type 'MES_ReportForms.Core.Models.ApiResult`1[[System.String, System.Private.CoreLib, Version=8.0.0.0, Culture=neutral, PublicKeyToken=7cec85d7bea7798e]]'.
2025-08-25 13:07:02,303 INFO  [Microsoft.AspNetCore.Mvc.Infrastructure.ControllerActionInvoker] Executed action MES_ReportForms.API.Controllers.AuthController.GetToken (MES_ReportForms.API) in 2441.5731ms
2025-08-25 13:07:02,310 INFO  [Microsoft.AspNetCore.Routing.EndpointMiddleware] Executed endpoint 'MES_ReportForms.API.Controllers.AuthController.GetToken (MES_ReportForms.API)'
2025-08-25 13:07:02,344 INFO  [Microsoft.AspNetCore.Hosting.Diagnostics] Request finished HTTP/2 POST https://localhost:7014/api/auth/token?guid=10100593&password=Aa123456 - 200 - application/json;+charset=utf-8 2725.6788ms
2025-08-25 13:07:43,181 INFO  [Microsoft.AspNetCore.Hosting.Diagnostics] Request starting HTTP/2 POST https://localhost:7014/api/importFile/ImportSkillMatrixData - multipart/form-data;+boundary=----WebKitFormBoundaryhZnPQzQsKHALYMTB 44312
2025-08-25 13:07:43,299 INFO  [Microsoft.AspNetCore.Authentication.JwtBearer.JwtBearerHandler] Failed to validate the token.
System.ArgumentException: IDX12729: Unable to decode the header '[PII of type 'System.String' is hidden. For more details, see https://aka.ms/IdentityModel/PII.]' as Base64Url encoded string.
 ---> Microsoft.IdentityModel.Json.JsonReaderException: Unexpected character encountered while parsing value: Ș. Path '', line 0, position 0.
   at Microsoft.IdentityModel.Json.JsonTextReader.ParseValue()
   at Microsoft.IdentityModel.Json.JsonTextReader.Read()
   at Microsoft.IdentityModel.Json.JsonReader.ReadAndMoveToContent()
   at Microsoft.IdentityModel.Json.JsonReader.ReadForType(JsonContract contract, Boolean hasConverter)
   at Microsoft.IdentityModel.Json.Serialization.JsonSerializerInternalReader.Deserialize(JsonReader reader, Type objectType, Boolean checkAdditionalContent)
   at Microsoft.IdentityModel.Json.JsonSerializer.DeserializeInternal(JsonReader reader, Type objectType)
   at Microsoft.IdentityModel.Json.JsonSerializer.Deserialize(JsonReader reader, Type objectType)
   at Microsoft.IdentityModel.Json.JsonConvert.DeserializeObject(String value, Type type, JsonSerializerSettings settings)
   at Microsoft.IdentityModel.Json.JsonConvert.DeserializeObject(String value, Type type)
   at System.IdentityModel.Tokens.Jwt.JsonExtensions.DeserializeJwtHeader(String jsonString)
   at System.IdentityModel.Tokens.Jwt.JwtHeader.Base64UrlDeserialize(String base64UrlEncodedJsonString)
   at System.IdentityModel.Tokens.Jwt.JwtSecurityToken.Decode(String[] tokenParts, String rawData)
   --- End of inner exception stack trace ---
   at System.IdentityModel.Tokens.Jwt.JwtSecurityToken.Decode(String[] tokenParts, String rawData)
   at System.IdentityModel.Tokens.Jwt.JwtSecurityTokenHandler.ReadJwtToken(String token)
   at System.IdentityModel.Tokens.Jwt.JwtSecurityTokenHandler.GetJwtSecurityTokenFromToken(String token, TokenValidationParameters validationParameters)
   at System.IdentityModel.Tokens.Jwt.JwtSecurityTokenHandler.ValidateJWS(String token, TokenValidationParameters validationParameters, BaseConfiguration currentConfiguration, SecurityToken& signatureValidatedToken, ExceptionDispatchInfo& exceptionThrown)
--- End of stack trace from previous location ---
   at System.IdentityModel.Tokens.Jwt.JwtSecurityTokenHandler.ValidateToken(String token, JwtSecurityToken outerToken, TokenValidationParameters validationParameters, SecurityToken& signatureValidatedToken)
   at System.IdentityModel.Tokens.Jwt.JwtSecurityTokenHandler.ValidateToken(String token, TokenValidationParameters validationParameters, SecurityToken& validatedToken)
   at Microsoft.AspNetCore.Authentication.JwtBearer.JwtBearerHandler.HandleAuthenticateAsync()
2025-08-25 13:07:43,309 INFO  [Microsoft.AspNetCore.Authentication.JwtBearer.JwtBearerHandler] Bearer was not authenticated. Failure message: IDX12729: Unable to decode the header '[PII of type 'System.String' is hidden. For more details, see https://aka.ms/IdentityModel/PII.]' as Base64Url encoded string.
2025-08-25 13:07:43,315 INFO  [Microsoft.AspNetCore.Routing.EndpointMiddleware] Executing endpoint 'MES_ReportForms.API.Controllers.AdminControllers.ImportFileController.ImportSkillMatrixData (MES_ReportForms.API)'
2025-08-25 13:07:43,325 INFO  [Microsoft.AspNetCore.Mvc.Infrastructure.ControllerActionInvoker] Route matched with {action = "ImportSkillMatrixData", controller = "ImportFile"}. Executing controller action with signature MES_ReportForms.Core.Models.ApiResult`1[System.Collections.Generic.List`1[MES_ReportForms.Core.Entities.T_SkillMatrixEntity]] ImportSkillMatrixData(Microsoft.AspNetCore.Http.IFormFile) on controller MES_ReportForms.API.Controllers.AdminControllers.ImportFileController (MES_ReportForms.API).
2025-08-25 13:10:50,648 INFO  [Microsoft.AspNetCore.Mvc.Infrastructure.ObjectResultExecutor] Executing ObjectResult, writing value of type 'MES_ReportForms.Core.Models.ApiResult`1[[System.Collections.Generic.List`1[[MES_ReportForms.Core.Entities.T_SkillMatrixEntity, MES_ReportForms.Core, Version=1.0.0.0, Culture=neutral, PublicKeyToken=null]], System.Private.CoreLib, Version=8.0.0.0, Culture=neutral, PublicKeyToken=7cec85d7bea7798e]]'.
2025-08-25 13:10:50,665 INFO  [Microsoft.AspNetCore.Mvc.Infrastructure.ControllerActionInvoker] Executed action MES_ReportForms.API.Controllers.AdminControllers.ImportFileController.ImportSkillMatrixData (MES_ReportForms.API) in 187335.4651ms
2025-08-25 13:10:50,669 INFO  [Microsoft.AspNetCore.Routing.EndpointMiddleware] Executed endpoint 'MES_ReportForms.API.Controllers.AdminControllers.ImportFileController.ImportSkillMatrixData (MES_ReportForms.API)'
2025-08-25 13:10:50,697 INFO  [Microsoft.AspNetCore.Hosting.Diagnostics] Request finished HTTP/2 POST https://localhost:7014/api/importFile/ImportSkillMatrixData - 200 - application/json;+charset=utf-8 187532.6357ms
2025-08-25 13:15:15,827 INFO  [Microsoft.AspNetCore.DataProtection.KeyManagement.XmlKeyManager] User profile is available. Using 'C:\Users\devpc\AppData\Local\ASP.NET\DataProtection-Keys' as key repository and Windows DPAPI to encrypt keys at rest.
2025-08-25 13:15:15,973 WARN  [Microsoft.AspNetCore.StaticFiles.StaticFileMiddleware] The WebRootPath was not found: D:\GitHub\olp-dashboard\MES_ReportForms.API\wwwroot. Static files may be unavailable.
2025-08-25 13:15:16,157 INFO  [Microsoft.Hosting.Lifetime] Now listening on: https://localhost:7014
2025-08-25 13:15:16,161 INFO  [Microsoft.Hosting.Lifetime] Now listening on: http://localhost:5091
2025-08-25 13:15:16,307 INFO  [Microsoft.Hosting.Lifetime] Application started. Press Ctrl+C to shut down.
2025-08-25 13:15:16,312 INFO  [Microsoft.Hosting.Lifetime] Hosting environment: Development
2025-08-25 13:15:16,317 INFO  [Microsoft.Hosting.Lifetime] Content root path: D:\GitHub\olp-dashboard\MES_ReportForms.API
2025-08-25 13:15:17,148 INFO  [Microsoft.AspNetCore.Hosting.Diagnostics] Request starting HTTP/2 GET https://localhost:7014/swagger/index.html - - -
2025-08-25 13:15:17,565 INFO  [Microsoft.AspNetCore.Hosting.Diagnostics] Request finished HTTP/2 GET https://localhost:7014/swagger/index.html - 200 - text/html;charset=utf-8 443.8828ms
2025-08-25 13:15:17,584 INFO  [Microsoft.AspNetCore.Hosting.Diagnostics] Request starting HTTP/2 GET https://localhost:7014/_framework/aspnetcore-browser-refresh.js - - -
2025-08-25 13:15:17,590 INFO  [Microsoft.AspNetCore.Hosting.Diagnostics] Request starting HTTP/2 GET https://localhost:7014/_vs/browserLink - - -
2025-08-25 13:15:17,615 INFO  [Microsoft.AspNetCore.Hosting.Diagnostics] Request finished HTTP/2 GET https://localhost:7014/_framework/aspnetcore-browser-refresh.js - 200 13774 application/javascript;+charset=utf-8 28.6112ms
2025-08-25 13:15:17,714 INFO  [Microsoft.AspNetCore.Hosting.Diagnostics] Request finished HTTP/2 GET https://localhost:7014/_vs/browserLink - 200 - text/javascript;+charset=UTF-8 125.2351ms
2025-08-25 13:15:17,768 INFO  [Microsoft.AspNetCore.Hosting.Diagnostics] Request starting HTTP/2 GET https://localhost:7014/swagger/ReportFormAPI/swagger.json - - -
2025-08-25 13:15:18,060 INFO  [Microsoft.AspNetCore.Hosting.Diagnostics] Request finished HTTP/2 GET https://localhost:7014/swagger/ReportFormAPI/swagger.json - 200 - application/json;charset=utf-8 292.3231ms
2025-08-25 13:17:06,874 INFO  [Microsoft.AspNetCore.Hosting.Diagnostics] Request starting HTTP/2 POST https://localhost:7014/api/auth/token?guid=10100593&password=Aa123456 - - 0
2025-08-25 13:17:07,069 INFO  [Microsoft.AspNetCore.Routing.EndpointMiddleware] Executing endpoint 'MES_ReportForms.API.Controllers.AuthController.GetToken (MES_ReportForms.API)'
2025-08-25 13:17:07,098 INFO  [Microsoft.AspNetCore.Mvc.Infrastructure.ControllerActionInvoker] Route matched with {action = "GetToken", controller = "Auth"}. Executing controller action with signature MES_ReportForms.Core.Models.ApiResult`1[System.String] GetToken(System.String, System.String) on controller MES_ReportForms.API.Controllers.AuthController (MES_ReportForms.API).
2025-08-25 13:17:07,651 WARN  [Microsoft.EntityFrameworkCore.Model.Validation] Sensitive data logging is enabled. Log entries and exception messages may include sensitive application data; this mode should only be enabled during development.
2025-08-25 13:17:08,542 INFO  [Microsoft.EntityFrameworkCore.Database.Command] Executed DbCommand (58ms) [Parameters=[@__guid_0='10100593' (Size = 450)], CommandType='Text', CommandTimeout='30']
SELECT TOP(1) [t].[GUID], [t].[BusinessType], [t].[CreateTime], [t].[Data_Permission], [t].[EmployeeId], [t].[Import_Permission], [t].[OrganizationID], [t].[Password], [t].[UpdateTime], [t].[User_Email], [t].[User_Name], [t].[Web_Permission]
FROM [T_UserMaster] AS [t]
WHERE [t].[GUID] = @__guid_0
2025-08-25 13:17:08,808 INFO  [Microsoft.AspNetCore.Mvc.Infrastructure.ObjectResultExecutor] Executing ObjectResult, writing value of type 'MES_ReportForms.Core.Models.ApiResult`1[[System.String, System.Private.CoreLib, Version=8.0.0.0, Culture=neutral, PublicKeyToken=7cec85d7bea7798e]]'.
2025-08-25 13:17:08,825 INFO  [Microsoft.AspNetCore.Mvc.Infrastructure.ControllerActionInvoker] Executed action MES_ReportForms.API.Controllers.AuthController.GetToken (MES_ReportForms.API) in 1714.0139ms
2025-08-25 13:17:08,832 INFO  [Microsoft.AspNetCore.Routing.EndpointMiddleware] Executed endpoint 'MES_ReportForms.API.Controllers.AuthController.GetToken (MES_ReportForms.API)'
2025-08-25 13:17:08,859 INFO  [Microsoft.AspNetCore.Hosting.Diagnostics] Request finished HTTP/2 POST https://localhost:7014/api/auth/token?guid=10100593&password=Aa123456 - 200 - application/json;+charset=utf-8 1984.5465ms
2025-08-25 13:17:45,473 INFO  [Microsoft.AspNetCore.Hosting.Diagnostics] Request starting HTTP/2 POST https://localhost:7014/api/importFile/ImportSkillMatrixData - multipart/form-data;+boundary=----WebKitFormBoundary0pB3ehqMw2SMHUGh 44312
2025-08-25 13:17:45,558 INFO  [Microsoft.AspNetCore.Routing.EndpointMiddleware] Executing endpoint 'MES_ReportForms.API.Controllers.AdminControllers.ImportFileController.ImportSkillMatrixData (MES_ReportForms.API)'
2025-08-25 13:17:45,567 INFO  [Microsoft.AspNetCore.Mvc.Infrastructure.ControllerActionInvoker] Route matched with {action = "ImportSkillMatrixData", controller = "ImportFile"}. Executing controller action with signature MES_ReportForms.Core.Models.ApiResult`1[System.Collections.Generic.List`1[MES_ReportForms.Core.Entities.T_SkillMatrixEntity]] ImportSkillMatrixData(Microsoft.AspNetCore.Http.IFormFile) on controller MES_ReportForms.API.Controllers.AdminControllers.ImportFileController (MES_ReportForms.API).
2025-08-25 13:17:46,267 INFO  [Microsoft.AspNetCore.Mvc.Infrastructure.ObjectResultExecutor] Executing ObjectResult, writing value of type 'MES_ReportForms.Core.Models.ApiResult`1[[System.Collections.Generic.List`1[[MES_ReportForms.Core.Entities.T_SkillMatrixEntity, MES_ReportForms.Core, Version=1.0.0.0, Culture=neutral, PublicKeyToken=null]], System.Private.CoreLib, Version=8.0.0.0, Culture=neutral, PublicKeyToken=7cec85d7bea7798e]]'.
2025-08-25 13:17:46,285 INFO  [Microsoft.AspNetCore.Mvc.Infrastructure.ControllerActionInvoker] Executed action MES_ReportForms.API.Controllers.AdminControllers.ImportFileController.ImportSkillMatrixData (MES_ReportForms.API) in 712.7399ms
2025-08-25 13:17:46,291 INFO  [Microsoft.AspNetCore.Routing.EndpointMiddleware] Executed endpoint 'MES_ReportForms.API.Controllers.AdminControllers.ImportFileController.ImportSkillMatrixData (MES_ReportForms.API)'
2025-08-25 13:17:46,308 INFO  [Microsoft.AspNetCore.Hosting.Diagnostics] Request finished HTTP/2 POST https://localhost:7014/api/importFile/ImportSkillMatrixData - 200 - application/json;+charset=utf-8 837.8254ms
2025-08-25 13:29:52,547 INFO  [Microsoft.AspNetCore.DataProtection.KeyManagement.XmlKeyManager] User profile is available. Using 'C:\Users\devpc\AppData\Local\ASP.NET\DataProtection-Keys' as key repository and Windows DPAPI to encrypt keys at rest.
2025-08-25 13:29:52,726 WARN  [Microsoft.AspNetCore.StaticFiles.StaticFileMiddleware] The WebRootPath was not found: D:\GitHub\olp-dashboard\MES_ReportForms.API\wwwroot. Static files may be unavailable.
2025-08-25 13:29:52,907 INFO  [Microsoft.Hosting.Lifetime] Now listening on: https://localhost:7014
2025-08-25 13:29:52,911 INFO  [Microsoft.Hosting.Lifetime] Now listening on: http://localhost:5091
2025-08-25 13:29:53,131 INFO  [Microsoft.Hosting.Lifetime] Application started. Press Ctrl+C to shut down.
2025-08-25 13:29:53,137 INFO  [Microsoft.Hosting.Lifetime] Hosting environment: Development
2025-08-25 13:29:53,142 INFO  [Microsoft.Hosting.Lifetime] Content root path: D:\GitHub\olp-dashboard\MES_ReportForms.API
2025-08-25 13:29:53,439 INFO  [Microsoft.AspNetCore.Hosting.Diagnostics] Request starting HTTP/2 GET https://localhost:7014/swagger/index.html - - -
2025-08-25 13:29:54,095 INFO  [Microsoft.AspNetCore.Hosting.Diagnostics] Request finished HTTP/2 GET https://localhost:7014/swagger/index.html - 200 - text/html;charset=utf-8 648.2743ms
2025-08-25 13:29:54,110 INFO  [Microsoft.AspNetCore.Hosting.Diagnostics] Request starting HTTP/2 GET https://localhost:7014/_framework/aspnetcore-browser-refresh.js - - -
2025-08-25 13:29:54,119 INFO  [Microsoft.AspNetCore.Hosting.Diagnostics] Request starting HTTP/2 GET https://localhost:7014/_vs/browserLink - - -
2025-08-25 13:29:54,133 INFO  [Microsoft.AspNetCore.Hosting.Diagnostics] Request finished HTTP/2 GET https://localhost:7014/_framework/aspnetcore-browser-refresh.js - 200 13774 application/javascript;+charset=utf-8 27.3386ms
2025-08-25 13:29:54,243 INFO  [Microsoft.AspNetCore.Hosting.Diagnostics] Request finished HTTP/2 GET https://localhost:7014/_vs/browserLink - 200 - text/javascript;+charset=UTF-8 134.4949ms
2025-08-25 13:29:54,313 INFO  [Microsoft.AspNetCore.Hosting.Diagnostics] Request starting HTTP/2 GET https://localhost:7014/swagger/ReportFormAPI/swagger.json - - -
2025-08-25 13:29:54,623 INFO  [Microsoft.AspNetCore.Hosting.Diagnostics] Request finished HTTP/2 GET https://localhost:7014/swagger/ReportFormAPI/swagger.json - 200 - application/json;charset=utf-8 308.0013ms
2025-08-25 13:30:25,576 INFO  [Microsoft.AspNetCore.Hosting.Diagnostics] Request starting HTTP/2 POST https://localhost:7014/api/auth/token?guid=10100593&password=Aa123456 - - 0
2025-08-25 13:30:25,752 INFO  [Microsoft.AspNetCore.Routing.EndpointMiddleware] Executing endpoint 'MES_ReportForms.API.Controllers.AuthController.GetToken (MES_ReportForms.API)'
2025-08-25 13:30:25,786 INFO  [Microsoft.AspNetCore.Mvc.Infrastructure.ControllerActionInvoker] Route matched with {action = "GetToken", controller = "Auth"}. Executing controller action with signature MES_ReportForms.Core.Models.ApiResult`1[System.String] GetToken(System.String, System.String) on controller MES_ReportForms.API.Controllers.AuthController (MES_ReportForms.API).
2025-08-25 13:30:26,341 WARN  [Microsoft.EntityFrameworkCore.Model.Validation] Sensitive data logging is enabled. Log entries and exception messages may include sensitive application data; this mode should only be enabled during development.
2025-08-25 13:30:27,213 INFO  [Microsoft.EntityFrameworkCore.Database.Command] Executed DbCommand (44ms) [Parameters=[@__guid_0='10100593' (Size = 450)], CommandType='Text', CommandTimeout='30']
SELECT TOP(1) [t].[GUID], [t].[BusinessType], [t].[CreateTime], [t].[Data_Permission], [t].[EmployeeId], [t].[Import_Permission], [t].[OrganizationID], [t].[Password], [t].[UpdateTime], [t].[User_Email], [t].[User_Name], [t].[Web_Permission]
FROM [T_UserMaster] AS [t]
WHERE [t].[GUID] = @__guid_0
2025-08-25 13:30:27,433 INFO  [Microsoft.AspNetCore.Mvc.Infrastructure.ObjectResultExecutor] Executing ObjectResult, writing value of type 'MES_ReportForms.Core.Models.ApiResult`1[[System.String, System.Private.CoreLib, Version=8.0.0.0, Culture=neutral, PublicKeyToken=7cec85d7bea7798e]]'.
2025-08-25 13:30:27,448 INFO  [Microsoft.AspNetCore.Mvc.Infrastructure.ControllerActionInvoker] Executed action MES_ReportForms.API.Controllers.AuthController.GetToken (MES_ReportForms.API) in 1649.9375ms
2025-08-25 13:30:27,453 INFO  [Microsoft.AspNetCore.Routing.EndpointMiddleware] Executed endpoint 'MES_ReportForms.API.Controllers.AuthController.GetToken (MES_ReportForms.API)'
2025-08-25 13:30:27,487 INFO  [Microsoft.AspNetCore.Hosting.Diagnostics] Request finished HTTP/2 POST https://localhost:7014/api/auth/token?guid=10100593&password=Aa123456 - 200 - application/json;+charset=utf-8 1914.5263ms
2025-08-25 13:30:56,117 INFO  [Microsoft.AspNetCore.Hosting.Diagnostics] Request starting HTTP/2 GET https://localhost:7014/api/dashboard/getSkillMatrixByTeam?TeamType=Order%20Processing - - -
2025-08-25 13:30:56,194 INFO  [Microsoft.AspNetCore.Routing.EndpointMiddleware] Executing endpoint 'MES_ReportForms.WebAPI.Controllers.DashboardController.GetSkillMatrixByTeam (MES_ReportForms.API)'
2025-08-25 13:30:56,207 INFO  [Microsoft.AspNetCore.Mvc.Infrastructure.ControllerActionInvoker] Route matched with {action = "GetSkillMatrixByTeam", controller = "Dashboard"}. Executing controller action with signature System.Threading.Tasks.Task`1[MES_ReportForms.Core.Models.ApiResult] GetSkillMatrixByTeam(MES_ReportForms.Core.Models.SkillMatrixQuery) on controller MES_ReportForms.WebAPI.Controllers.DashboardController (MES_ReportForms.API).
2025-08-25 13:30:56,316 INFO  [Microsoft.AspNetCore.Mvc.Infrastructure.ObjectResultExecutor] Executing ObjectResult, writing value of type 'MES_ReportForms.Core.Models.ApiResult`1[[System.Collections.Generic.IEnumerable`1[[System.Object, System.Private.CoreLib, Version=8.0.0.0, Culture=neutral, PublicKeyToken=7cec85d7bea7798e]], System.Private.CoreLib, Version=8.0.0.0, Culture=neutral, PublicKeyToken=7cec85d7bea7798e]]'.
2025-08-25 13:30:56,398 INFO  [Microsoft.AspNetCore.Mvc.Infrastructure.ControllerActionInvoker] Executed action MES_ReportForms.WebAPI.Controllers.DashboardController.GetSkillMatrixByTeam (MES_ReportForms.API) in 185.4878ms
2025-08-25 13:30:56,405 INFO  [Microsoft.AspNetCore.Routing.EndpointMiddleware] Executed endpoint 'MES_ReportForms.WebAPI.Controllers.DashboardController.GetSkillMatrixByTeam (MES_ReportForms.API)'
2025-08-25 13:30:56,422 INFO  [Microsoft.AspNetCore.Hosting.Diagnostics] Request finished HTTP/2 GET https://localhost:7014/api/dashboard/getSkillMatrixByTeam?TeamType=Order%20Processing - 200 - application/json;+charset=utf-8 317.6638ms
