2025-08-24 10:17:28,646 INFO  [Microsoft.AspNetCore.DataProtection.KeyManagement.XmlKeyManager] User profile is available. Using 'C:\Users\devpc\AppData\Local\ASP.NET\DataProtection-Keys' as key repository and Windows DPAPI to encrypt keys at rest.
2025-08-24 10:17:29,048 WARN  [Microsoft.AspNetCore.StaticFiles.StaticFileMiddleware] The WebRootPath was not found: D:\GitHub\olp-dashboard\MES_ReportForms.API\wwwroot. Static files may be unavailable.
2025-08-24 10:17:29,731 INFO  [Microsoft.Hosting.Lifetime] Now listening on: https://localhost:7014
2025-08-24 10:17:29,744 INFO  [Microsoft.Hosting.Lifetime] Now listening on: http://localhost:5091
2025-08-24 10:17:30,207 INFO  [Microsoft.Hosting.Lifetime] Application started. Press Ctrl+C to shut down.
2025-08-24 10:17:30,219 INFO  [Microsoft.Hosting.Lifetime] Hosting environment: Development
2025-08-24 10:17:30,240 INFO  [Microsoft.Hosting.Lifetime] Content root path: D:\GitHub\olp-dashboard\MES_ReportForms.API
2025-08-24 10:17:31,165 INFO  [Microsoft.AspNetCore.Hosting.Diagnostics] Request starting HTTP/2 GET https://localhost:7014/swagger/index.html - - -
2025-08-24 10:17:32,130 INFO  [Microsoft.AspNetCore.Hosting.Diagnostics] Request finished HTTP/2 GET https://localhost:7014/swagger/index.html - 200 - text/html;charset=utf-8 966.0592ms
2025-08-24 10:17:32,148 INFO  [Microsoft.AspNetCore.Hosting.Diagnostics] Request starting HTTP/2 GET https://localhost:7014/_vs/browserLink - - -
2025-08-24 10:17:32,159 INFO  [Microsoft.AspNetCore.Hosting.Diagnostics] Request starting HTTP/2 GET https://localhost:7014/_framework/aspnetcore-browser-refresh.js - - -
2025-08-24 10:17:32,184 INFO  [Microsoft.AspNetCore.Hosting.Diagnostics] Request finished HTTP/2 GET https://localhost:7014/_framework/aspnetcore-browser-refresh.js - 200 13774 application/javascript;+charset=utf-8 42.1148ms
2025-08-24 10:17:32,397 INFO  [Microsoft.AspNetCore.Hosting.Diagnostics] Request finished HTTP/2 GET https://localhost:7014/_vs/browserLink - 200 - text/javascript;+charset=UTF-8 252.4018ms
2025-08-24 10:17:32,495 INFO  [Microsoft.AspNetCore.Hosting.Diagnostics] Request starting HTTP/2 GET https://localhost:7014/swagger/ReportFormAPI/swagger.json - - -
2025-08-24 10:17:33,379 INFO  [Microsoft.AspNetCore.Hosting.Diagnostics] Request finished HTTP/2 GET https://localhost:7014/swagger/ReportFormAPI/swagger.json - 200 - application/json;charset=utf-8 885.6636ms
2025-08-24 10:27:48,920 INFO  [Microsoft.AspNetCore.Hosting.Diagnostics] Request starting HTTP/2 POST https://localhost:7014/api/auth/token?guid=10100593&password=Aa123456 - - 0
2025-08-24 10:27:50,757 INFO  [Microsoft.AspNetCore.Routing.EndpointMiddleware] Executing endpoint 'MES_ReportForms.API.Controllers.AuthController.GetToken (MES_ReportForms.API)'
2025-08-24 10:27:50,815 INFO  [Microsoft.AspNetCore.Mvc.Infrastructure.ControllerActionInvoker] Route matched with {action = "GetToken", controller = "Auth"}. Executing controller action with signature MES_ReportForms.Core.Models.ApiResult`1[System.String] GetToken(System.String, System.String) on controller MES_ReportForms.API.Controllers.AuthController (MES_ReportForms.API).
2025-08-24 10:27:52,024 WARN  [Microsoft.EntityFrameworkCore.Model.Validation] Sensitive data logging is enabled. Log entries and exception messages may include sensitive application data; this mode should only be enabled during development.
2025-08-24 10:27:54,089 INFO  [Microsoft.EntityFrameworkCore.Database.Command] Executed DbCommand (129ms) [Parameters=[@__guid_0='10100593' (Size = 450)], CommandType='Text', CommandTimeout='30']
SELECT TOP(1) [t].[GUID], [t].[BusinessType], [t].[CreateTime], [t].[Data_Permission], [t].[EmployeeId], [t].[Import_Permission], [t].[OrganizationID], [t].[Password], [t].[UpdateTime], [t].[User_Email], [t].[User_Name], [t].[Web_Permission]
FROM [T_UserMaster] AS [t]
WHERE [t].[GUID] = @__guid_0
2025-08-24 10:27:54,438 INFO  [Microsoft.AspNetCore.Mvc.Infrastructure.ObjectResultExecutor] Executing ObjectResult, writing value of type 'MES_ReportForms.Core.Models.ApiResult`1[[System.String, System.Private.CoreLib, Version=8.0.0.0, Culture=neutral, PublicKeyToken=7cec85d7bea7798e]]'.
2025-08-24 10:27:54,459 INFO  [Microsoft.AspNetCore.Mvc.Infrastructure.ControllerActionInvoker] Executed action MES_ReportForms.API.Controllers.AuthController.GetToken (MES_ReportForms.API) in 3626.4661ms
2025-08-24 10:27:54,465 INFO  [Microsoft.AspNetCore.Routing.EndpointMiddleware] Executed endpoint 'MES_ReportForms.API.Controllers.AuthController.GetToken (MES_ReportForms.API)'
2025-08-24 10:27:54,496 INFO  [Microsoft.AspNetCore.Hosting.Diagnostics] Request finished HTTP/2 POST https://localhost:7014/api/auth/token?guid=10100593&password=Aa123456 - 200 - application/json;+charset=utf-8 5586.9628ms
2025-08-24 10:27:56,374 INFO  [Microsoft.AspNetCore.Hosting.Diagnostics] Request starting HTTP/2 POST https://localhost:7014/api/auth/token?guid=10100593&password=Aa123456 - - 0
2025-08-24 10:27:56,385 INFO  [Microsoft.AspNetCore.Routing.EndpointMiddleware] Executing endpoint 'MES_ReportForms.API.Controllers.AuthController.GetToken (MES_ReportForms.API)'
2025-08-24 10:27:56,390 INFO  [Microsoft.AspNetCore.Mvc.Infrastructure.ControllerActionInvoker] Route matched with {action = "GetToken", controller = "Auth"}. Executing controller action with signature MES_ReportForms.Core.Models.ApiResult`1[System.String] GetToken(System.String, System.String) on controller MES_ReportForms.API.Controllers.AuthController (MES_ReportForms.API).
2025-08-24 10:27:56,491 INFO  [Microsoft.EntityFrameworkCore.Database.Command] Executed DbCommand (5ms) [Parameters=[@__guid_0='10100593' (Size = 450)], CommandType='Text', CommandTimeout='30']
SELECT TOP(1) [t].[GUID], [t].[BusinessType], [t].[CreateTime], [t].[Data_Permission], [t].[EmployeeId], [t].[Import_Permission], [t].[OrganizationID], [t].[Password], [t].[UpdateTime], [t].[User_Email], [t].[User_Name], [t].[Web_Permission]
FROM [T_UserMaster] AS [t]
WHERE [t].[GUID] = @__guid_0
2025-08-24 10:27:56,500 INFO  [Microsoft.AspNetCore.Mvc.Infrastructure.ObjectResultExecutor] Executing ObjectResult, writing value of type 'MES_ReportForms.Core.Models.ApiResult`1[[System.String, System.Private.CoreLib, Version=8.0.0.0, Culture=neutral, PublicKeyToken=7cec85d7bea7798e]]'.
2025-08-24 10:27:56,507 INFO  [Microsoft.AspNetCore.Mvc.Infrastructure.ControllerActionInvoker] Executed action MES_ReportForms.API.Controllers.AuthController.GetToken (MES_ReportForms.API) in 110.5848ms
2025-08-24 10:27:56,512 INFO  [Microsoft.AspNetCore.Routing.EndpointMiddleware] Executed endpoint 'MES_ReportForms.API.Controllers.AuthController.GetToken (MES_ReportForms.API)'
2025-08-24 10:27:56,526 INFO  [Microsoft.AspNetCore.Hosting.Diagnostics] Request finished HTTP/2 POST https://localhost:7014/api/auth/token?guid=10100593&password=Aa123456 - 200 - application/json;+charset=utf-8 152.6065ms
2025-08-24 10:28:27,282 INFO  [Microsoft.AspNetCore.Hosting.Diagnostics] Request starting HTTP/2 GET https://localhost:7014/api/dashboard/getSkillMatrixByTeam?TeamType=Order%20Processing - - -
2025-08-24 10:28:27,365 INFO  [Microsoft.AspNetCore.Routing.EndpointMiddleware] Executing endpoint 'MES_ReportForms.WebAPI.Controllers.DashboardController.GetSkillMatrixByTeam (MES_ReportForms.API)'
2025-08-24 10:28:27,377 INFO  [Microsoft.AspNetCore.Mvc.Infrastructure.ControllerActionInvoker] Route matched with {action = "GetSkillMatrixByTeam", controller = "Dashboard"}. Executing controller action with signature System.Threading.Tasks.Task`1[MES_ReportForms.Core.Models.ApiResult] GetSkillMatrixByTeam(MES_ReportForms.Core.Models.SkillMatrixQuery) on controller MES_ReportForms.WebAPI.Controllers.DashboardController (MES_ReportForms.API).
2025-08-24 10:40:49,506 INFO  [Microsoft.AspNetCore.Mvc.Infrastructure.ObjectResultExecutor] Executing ObjectResult, writing value of type 'MES_ReportForms.Core.Models.ApiResult`1[[System.Collections.Generic.IEnumerable`1[[System.Object, System.Private.CoreLib, Version=8.0.0.0, Culture=neutral, PublicKeyToken=7cec85d7bea7798e]], System.Private.CoreLib, Version=8.0.0.0, Culture=neutral, PublicKeyToken=7cec85d7bea7798e]]'.
2025-08-24 10:43:30,452 INFO  [Microsoft.AspNetCore.Mvc.Infrastructure.ControllerActionInvoker] Executed action MES_ReportForms.WebAPI.Controllers.DashboardController.GetSkillMatrixByTeam (MES_ReportForms.API) in 903069.4199ms
2025-08-24 10:43:30,459 INFO  [Microsoft.AspNetCore.Routing.EndpointMiddleware] Executed endpoint 'MES_ReportForms.WebAPI.Controllers.DashboardController.GetSkillMatrixByTeam (MES_ReportForms.API)'
2025-08-24 10:44:20,884 INFO  [Microsoft.AspNetCore.Hosting.Diagnostics] Request finished HTTP/2 GET https://localhost:7014/api/dashboard/getSkillMatrixByTeam?TeamType=Order%20Processing - 200 - application/json;+charset=utf-8 953609.9159ms
2025-08-24 10:44:32,590 INFO  [Microsoft.AspNetCore.Hosting.Diagnostics] Request starting HTTP/2 GET https://localhost:7014/api/dashboard/getSkillMatrixByTeam?TeamType=Order%20Processing - - -
2025-08-24 10:44:32,616 INFO  [Microsoft.AspNetCore.Routing.EndpointMiddleware] Executing endpoint 'MES_ReportForms.WebAPI.Controllers.DashboardController.GetSkillMatrixByTeam (MES_ReportForms.API)'
2025-08-24 10:44:32,624 INFO  [Microsoft.AspNetCore.Mvc.Infrastructure.ControllerActionInvoker] Route matched with {action = "GetSkillMatrixByTeam", controller = "Dashboard"}. Executing controller action with signature System.Threading.Tasks.Task`1[MES_ReportForms.Core.Models.ApiResult] GetSkillMatrixByTeam(MES_ReportForms.Core.Models.SkillMatrixQuery) on controller MES_ReportForms.WebAPI.Controllers.DashboardController (MES_ReportForms.API).
2025-08-24 10:44:35,750 INFO  [Microsoft.AspNetCore.Mvc.Infrastructure.ObjectResultExecutor] Executing ObjectResult, writing value of type 'MES_ReportForms.Core.Models.ApiResult`1[[System.Collections.Generic.IEnumerable`1[[System.Object, System.Private.CoreLib, Version=8.0.0.0, Culture=neutral, PublicKeyToken=7cec85d7bea7798e]], System.Private.CoreLib, Version=8.0.0.0, Culture=neutral, PublicKeyToken=7cec85d7bea7798e]]'.
2025-08-24 10:44:37,309 INFO  [Microsoft.AspNetCore.Mvc.Infrastructure.ControllerActionInvoker] Executed action MES_ReportForms.WebAPI.Controllers.DashboardController.GetSkillMatrixByTeam (MES_ReportForms.API) in 4680.272ms
2025-08-24 10:44:37,315 INFO  [Microsoft.AspNetCore.Routing.EndpointMiddleware] Executed endpoint 'MES_ReportForms.WebAPI.Controllers.DashboardController.GetSkillMatrixByTeam (MES_ReportForms.API)'
2025-08-24 10:44:37,331 INFO  [Microsoft.AspNetCore.Hosting.Diagnostics] Request finished HTTP/2 GET https://localhost:7014/api/dashboard/getSkillMatrixByTeam?TeamType=Order%20Processing - 200 - application/json;+charset=utf-8 4746.7835ms
2025-08-24 10:44:45,617 INFO  [Microsoft.AspNetCore.Hosting.Diagnostics] Request starting HTTP/2 GET https://localhost:7014/api/dashboard/getSkillMatrixByTeam?TeamType=Order%20Processing - - -
2025-08-24 10:44:48,474 INFO  [Microsoft.AspNetCore.Routing.EndpointMiddleware] Executing endpoint 'MES_ReportForms.WebAPI.Controllers.DashboardController.GetSkillMatrixByTeam (MES_ReportForms.API)'
2025-08-24 10:44:48,479 INFO  [Microsoft.AspNetCore.Mvc.Infrastructure.ControllerActionInvoker] Route matched with {action = "GetSkillMatrixByTeam", controller = "Dashboard"}. Executing controller action with signature System.Threading.Tasks.Task`1[MES_ReportForms.Core.Models.ApiResult] GetSkillMatrixByTeam(MES_ReportForms.Core.Models.SkillMatrixQuery) on controller MES_ReportForms.WebAPI.Controllers.DashboardController (MES_ReportForms.API).
2025-08-24 10:44:52,455 INFO  [Microsoft.AspNetCore.Mvc.Infrastructure.ObjectResultExecutor] Executing ObjectResult, writing value of type 'MES_ReportForms.Core.Models.ApiResult`1[[System.Collections.Generic.IEnumerable`1[[System.Object, System.Private.CoreLib, Version=8.0.0.0, Culture=neutral, PublicKeyToken=7cec85d7bea7798e]], System.Private.CoreLib, Version=8.0.0.0, Culture=neutral, PublicKeyToken=7cec85d7bea7798e]]'.
2025-08-24 10:44:56,788 INFO  [Microsoft.AspNetCore.Mvc.Infrastructure.ControllerActionInvoker] Executed action MES_ReportForms.WebAPI.Controllers.DashboardController.GetSkillMatrixByTeam (MES_ReportForms.API) in 8293.1209ms
2025-08-24 10:44:56,793 INFO  [Microsoft.AspNetCore.Routing.EndpointMiddleware] Executed endpoint 'MES_ReportForms.WebAPI.Controllers.DashboardController.GetSkillMatrixByTeam (MES_ReportForms.API)'
2025-08-24 10:44:56,807 INFO  [Microsoft.AspNetCore.Hosting.Diagnostics] Request finished HTTP/2 GET https://localhost:7014/api/dashboard/getSkillMatrixByTeam?TeamType=Order%20Processing - 200 - application/json;+charset=utf-8 11192.9583ms
2025-08-24 10:45:06,964 INFO  [Microsoft.AspNetCore.Hosting.Diagnostics] Request starting HTTP/2 GET https://localhost:7014/api/dashboard/getSkillMatrixByTeam?TeamType=Quotation%20Management - - -
2025-08-24 10:45:06,976 INFO  [Microsoft.AspNetCore.Routing.EndpointMiddleware] Executing endpoint 'MES_ReportForms.WebAPI.Controllers.DashboardController.GetSkillMatrixByTeam (MES_ReportForms.API)'
2025-08-24 10:45:06,984 INFO  [Microsoft.AspNetCore.Mvc.Infrastructure.ControllerActionInvoker] Route matched with {action = "GetSkillMatrixByTeam", controller = "Dashboard"}. Executing controller action with signature System.Threading.Tasks.Task`1[MES_ReportForms.Core.Models.ApiResult] GetSkillMatrixByTeam(MES_ReportForms.Core.Models.SkillMatrixQuery) on controller MES_ReportForms.WebAPI.Controllers.DashboardController (MES_ReportForms.API).
2025-08-24 10:45:10,011 INFO  [Microsoft.AspNetCore.Mvc.Infrastructure.ObjectResultExecutor] Executing ObjectResult, writing value of type 'MES_ReportForms.Core.Models.ApiResult`1[[System.Collections.Generic.IEnumerable`1[[System.Object, System.Private.CoreLib, Version=8.0.0.0, Culture=neutral, PublicKeyToken=7cec85d7bea7798e]], System.Private.CoreLib, Version=8.0.0.0, Culture=neutral, PublicKeyToken=7cec85d7bea7798e]]'.
2025-08-24 10:45:10,018 INFO  [Microsoft.AspNetCore.Mvc.Infrastructure.ControllerActionInvoker] Executed action MES_ReportForms.WebAPI.Controllers.DashboardController.GetSkillMatrixByTeam (MES_ReportForms.API) in 3026.9694ms
2025-08-24 10:45:10,026 INFO  [Microsoft.AspNetCore.Routing.EndpointMiddleware] Executed endpoint 'MES_ReportForms.WebAPI.Controllers.DashboardController.GetSkillMatrixByTeam (MES_ReportForms.API)'
2025-08-24 10:45:10,041 INFO  [Microsoft.AspNetCore.Hosting.Diagnostics] Request finished HTTP/2 GET https://localhost:7014/api/dashboard/getSkillMatrixByTeam?TeamType=Quotation%20Management - 200 - application/json;+charset=utf-8 3080.8848ms
2025-08-24 10:45:28,859 INFO  [Microsoft.AspNetCore.Hosting.Diagnostics] Request starting HTTP/2 GET https://localhost:7014/api/dashboard/getSkillMatrixByTeam?TeamType=Quotation%20Management - - -
2025-08-24 10:45:28,873 INFO  [Microsoft.AspNetCore.Routing.EndpointMiddleware] Executing endpoint 'MES_ReportForms.WebAPI.Controllers.DashboardController.GetSkillMatrixByTeam (MES_ReportForms.API)'
2025-08-24 10:45:28,881 INFO  [Microsoft.AspNetCore.Mvc.Infrastructure.ControllerActionInvoker] Route matched with {action = "GetSkillMatrixByTeam", controller = "Dashboard"}. Executing controller action with signature System.Threading.Tasks.Task`1[MES_ReportForms.Core.Models.ApiResult] GetSkillMatrixByTeam(MES_ReportForms.Core.Models.SkillMatrixQuery) on controller MES_ReportForms.WebAPI.Controllers.DashboardController (MES_ReportForms.API).
2025-08-24 10:45:32,496 INFO  [Microsoft.AspNetCore.Mvc.Infrastructure.ObjectResultExecutor] Executing ObjectResult, writing value of type 'MES_ReportForms.Core.Models.ApiResult`1[[System.Collections.Generic.IEnumerable`1[[System.Object, System.Private.CoreLib, Version=8.0.0.0, Culture=neutral, PublicKeyToken=7cec85d7bea7798e]], System.Private.CoreLib, Version=8.0.0.0, Culture=neutral, PublicKeyToken=7cec85d7bea7798e]]'.
2025-08-24 10:45:32,501 INFO  [Microsoft.AspNetCore.Mvc.Infrastructure.ControllerActionInvoker] Executed action MES_ReportForms.WebAPI.Controllers.DashboardController.GetSkillMatrixByTeam (MES_ReportForms.API) in 3616.4969ms
2025-08-24 10:45:32,506 INFO  [Microsoft.AspNetCore.Routing.EndpointMiddleware] Executed endpoint 'MES_ReportForms.WebAPI.Controllers.DashboardController.GetSkillMatrixByTeam (MES_ReportForms.API)'
2025-08-24 10:45:32,517 INFO  [Microsoft.AspNetCore.Hosting.Diagnostics] Request finished HTTP/2 GET https://localhost:7014/api/dashboard/getSkillMatrixByTeam?TeamType=Quotation%20Management - 200 - application/json;+charset=utf-8 3661.5864ms
2025-08-24 10:45:40,094 INFO  [Microsoft.AspNetCore.Hosting.Diagnostics] Request starting HTTP/2 GET https://localhost:7014/api/dashboard/getSkillMatrixByTeam?TeamType=Sales%20Support - - -
2025-08-24 10:45:40,105 INFO  [Microsoft.AspNetCore.Routing.EndpointMiddleware] Executing endpoint 'MES_ReportForms.WebAPI.Controllers.DashboardController.GetSkillMatrixByTeam (MES_ReportForms.API)'
2025-08-24 10:45:40,110 INFO  [Microsoft.AspNetCore.Mvc.Infrastructure.ControllerActionInvoker] Route matched with {action = "GetSkillMatrixByTeam", controller = "Dashboard"}. Executing controller action with signature System.Threading.Tasks.Task`1[MES_ReportForms.Core.Models.ApiResult] GetSkillMatrixByTeam(MES_ReportForms.Core.Models.SkillMatrixQuery) on controller MES_ReportForms.WebAPI.Controllers.DashboardController (MES_ReportForms.API).
2025-08-24 10:45:40,125 INFO  [Microsoft.AspNetCore.Mvc.Infrastructure.ObjectResultExecutor] Executing ObjectResult, writing value of type 'MES_ReportForms.Core.Models.ApiResult`1[[System.Collections.Generic.IEnumerable`1[[System.Object, System.Private.CoreLib, Version=8.0.0.0, Culture=neutral, PublicKeyToken=7cec85d7bea7798e]], System.Private.CoreLib, Version=8.0.0.0, Culture=neutral, PublicKeyToken=7cec85d7bea7798e]]'.
2025-08-24 10:45:40,133 INFO  [Microsoft.AspNetCore.Mvc.Infrastructure.ControllerActionInvoker] Executed action MES_ReportForms.WebAPI.Controllers.DashboardController.GetSkillMatrixByTeam (MES_ReportForms.API) in 17.5015ms
2025-08-24 10:45:40,140 INFO  [Microsoft.AspNetCore.Routing.EndpointMiddleware] Executed endpoint 'MES_ReportForms.WebAPI.Controllers.DashboardController.GetSkillMatrixByTeam (MES_ReportForms.API)'
2025-08-24 10:45:40,158 INFO  [Microsoft.AspNetCore.Hosting.Diagnostics] Request finished HTTP/2 GET https://localhost:7014/api/dashboard/getSkillMatrixByTeam?TeamType=Sales%20Support - 200 - application/json;+charset=utf-8 68.3921ms
2025-08-24 10:57:55,447 INFO  [Microsoft.AspNetCore.DataProtection.KeyManagement.XmlKeyManager] User profile is available. Using 'C:\Users\devpc\AppData\Local\ASP.NET\DataProtection-Keys' as key repository and Windows DPAPI to encrypt keys at rest.
2025-08-24 10:57:55,762 WARN  [Microsoft.AspNetCore.StaticFiles.StaticFileMiddleware] The WebRootPath was not found: D:\GitHub\olp-dashboard\MES_ReportForms.API\wwwroot. Static files may be unavailable.
2025-08-24 10:57:56,026 INFO  [Microsoft.Hosting.Lifetime] Now listening on: https://localhost:7014
2025-08-24 10:57:56,033 INFO  [Microsoft.Hosting.Lifetime] Now listening on: http://localhost:5091
2025-08-24 10:57:56,406 INFO  [Microsoft.Hosting.Lifetime] Application started. Press Ctrl+C to shut down.
2025-08-24 10:57:56,421 INFO  [Microsoft.Hosting.Lifetime] Hosting environment: Development
2025-08-24 10:57:56,436 INFO  [Microsoft.Hosting.Lifetime] Content root path: D:\GitHub\olp-dashboard\MES_ReportForms.API
2025-08-24 10:57:57,716 INFO  [Microsoft.AspNetCore.Hosting.Diagnostics] Request starting HTTP/2 GET https://localhost:7014/swagger/index.html - - -
2025-08-24 10:57:58,361 INFO  [Microsoft.AspNetCore.Hosting.Diagnostics] Request finished HTTP/2 GET https://localhost:7014/swagger/index.html - 200 - text/html;charset=utf-8 666.1008ms
2025-08-24 10:57:58,398 INFO  [Microsoft.AspNetCore.Hosting.Diagnostics] Request starting HTTP/2 GET https://localhost:7014/_framework/aspnetcore-browser-refresh.js - - -
2025-08-24 10:57:58,404 INFO  [Microsoft.AspNetCore.Hosting.Diagnostics] Request starting HTTP/2 GET https://localhost:7014/_vs/browserLink - - -
2025-08-24 10:57:58,429 INFO  [Microsoft.AspNetCore.Hosting.Diagnostics] Request finished HTTP/2 GET https://localhost:7014/_framework/aspnetcore-browser-refresh.js - 200 13774 application/javascript;+charset=utf-8 47.1777ms
2025-08-24 10:57:58,605 INFO  [Microsoft.AspNetCore.Hosting.Diagnostics] Request finished HTTP/2 GET https://localhost:7014/_vs/browserLink - 200 - text/javascript;+charset=UTF-8 199.9074ms
2025-08-24 10:57:58,685 INFO  [Microsoft.AspNetCore.Hosting.Diagnostics] Request starting HTTP/2 GET https://localhost:7014/swagger/ReportFormAPI/swagger.json - - -
2025-08-24 10:57:59,102 INFO  [Microsoft.AspNetCore.Hosting.Diagnostics] Request finished HTTP/2 GET https://localhost:7014/swagger/ReportFormAPI/swagger.json - 200 - application/json;charset=utf-8 421.2246ms
