2025-08-23 23:03:54,739 INFO  [Microsoft.AspNetCore.DataProtection.KeyManagement.XmlKeyManager] User profile is available. Using 'C:\Users\devpc\AppData\Local\ASP.NET\DataProtection-Keys' as key repository and Windows DPAPI to encrypt keys at rest.
2025-08-23 23:03:55,057 WARN  [Microsoft.AspNetCore.StaticFiles.StaticFileMiddleware] The WebRootPath was not found: D:\GitHub\olp-dashboard\MES_ReportForms.API\wwwroot. Static files may be unavailable.
2025-08-23 23:03:55,396 INFO  [Microsoft.Hosting.Lifetime] Now listening on: https://localhost:7014
2025-08-23 23:03:55,401 INFO  [Microsoft.Hosting.Lifetime] Now listening on: http://localhost:5091
2025-08-23 23:03:55,596 INFO  [Microsoft.Hosting.Lifetime] Application started. Press Ctrl+C to shut down.
2025-08-23 23:03:55,603 INFO  [Microsoft.Hosting.Lifetime] Hosting environment: Development
2025-08-23 23:03:55,634 INFO  [Microsoft.Hosting.Lifetime] Content root path: D:\GitHub\olp-dashboard\MES_ReportForms.API
2025-08-23 23:03:56,614 INFO  [Microsoft.AspNetCore.Hosting.Diagnostics] Request starting HTTP/2 GET https://localhost:7014/swagger/index.html - - -
2025-08-23 23:03:57,146 INFO  [Microsoft.AspNetCore.Hosting.Diagnostics] Request finished HTTP/2 GET https://localhost:7014/swagger/index.html - 200 - text/html;charset=utf-8 554.2806ms
2025-08-23 23:03:57,174 INFO  [Microsoft.AspNetCore.Hosting.Diagnostics] Request starting HTTP/2 GET https://localhost:7014/_framework/aspnetcore-browser-refresh.js - - -
2025-08-23 23:03:57,204 INFO  [Microsoft.AspNetCore.Hosting.Diagnostics] Request starting HTTP/2 GET https://localhost:7014/_vs/browserLink - - -
2025-08-23 23:03:57,211 INFO  [Microsoft.AspNetCore.Hosting.Diagnostics] Request finished HTTP/2 GET https://localhost:7014/_framework/aspnetcore-browser-refresh.js - 200 13774 application/javascript;+charset=utf-8 38.5682ms
2025-08-23 23:03:57,352 INFO  [Microsoft.AspNetCore.Hosting.Diagnostics] Request finished HTTP/2 GET https://localhost:7014/_vs/browserLink - 200 - text/javascript;+charset=UTF-8 152.1376ms
2025-08-23 23:03:57,479 INFO  [Microsoft.AspNetCore.Hosting.Diagnostics] Request starting HTTP/2 GET https://localhost:7014/swagger/ReportFormAPI/swagger.json - - -
2025-08-23 23:03:57,540 INFO  [Microsoft.AspNetCore.Hosting.Diagnostics] Request starting HTTP/2 GET https://localhost:7014/swagger/favicon-32x32.png - - -
2025-08-23 23:03:57,593 INFO  [Microsoft.AspNetCore.StaticFiles.StaticFileMiddleware] Sending file. Request path: '/favicon-32x32.png'. Physical path: 'N/A'
2025-08-23 23:03:57,603 INFO  [Microsoft.AspNetCore.Hosting.Diagnostics] Request finished HTTP/2 GET https://localhost:7014/swagger/favicon-32x32.png - 200 628 image/png 62.8744ms
2025-08-23 23:03:57,972 INFO  [Microsoft.AspNetCore.Hosting.Diagnostics] Request finished HTTP/2 GET https://localhost:7014/swagger/ReportFormAPI/swagger.json - 200 - application/json;charset=utf-8 488.9282ms
2025-08-23 23:04:17,807 INFO  [Microsoft.AspNetCore.Hosting.Diagnostics] Request starting HTTP/2 POST https://localhost:7014/api/auth/token?guid=10100593&password=Aa123456 - - 0
2025-08-23 23:04:19,431 INFO  [Microsoft.AspNetCore.Routing.EndpointMiddleware] Executing endpoint 'MES_ReportForms.API.Controllers.AuthController.GetToken (MES_ReportForms.API)'
2025-08-23 23:04:19,524 INFO  [Microsoft.AspNetCore.Mvc.Infrastructure.ControllerActionInvoker] Route matched with {action = "GetToken", controller = "Auth"}. Executing controller action with signature MES_ReportForms.Core.Models.ApiResult`1[System.String] GetToken(System.String, System.String) on controller MES_ReportForms.API.Controllers.AuthController (MES_ReportForms.API).
2025-08-23 23:04:21,045 WARN  [Microsoft.EntityFrameworkCore.Model.Validation] Sensitive data logging is enabled. Log entries and exception messages may include sensitive application data; this mode should only be enabled during development.
2025-08-23 23:04:23,465 INFO  [Microsoft.EntityFrameworkCore.Database.Command] Executed DbCommand (163ms) [Parameters=[@__guid_0='10100593' (Size = 450)], CommandType='Text', CommandTimeout='30']
SELECT TOP(1) [t].[GUID], [t].[BusinessType], [t].[CreateTime], [t].[Data_Permission], [t].[EmployeeId], [t].[Import_Permission], [t].[OrganizationID], [t].[Password], [t].[UpdateTime], [t].[User_Email], [t].[User_Name], [t].[Web_Permission]
FROM [T_UserMaster] AS [t]
WHERE [t].[GUID] = @__guid_0
2025-08-23 23:04:23,966 INFO  [Microsoft.AspNetCore.Mvc.Infrastructure.ObjectResultExecutor] Executing ObjectResult, writing value of type 'MES_ReportForms.Core.Models.ApiResult`1[[System.String, System.Private.CoreLib, Version=8.0.0.0, Culture=neutral, PublicKeyToken=7cec85d7bea7798e]]'.
2025-08-23 23:04:24,000 INFO  [Microsoft.AspNetCore.Mvc.Infrastructure.ControllerActionInvoker] Executed action MES_ReportForms.API.Controllers.AuthController.GetToken (MES_ReportForms.API) in 4455.9236ms
2025-08-23 23:04:24,007 INFO  [Microsoft.AspNetCore.Routing.EndpointMiddleware] Executed endpoint 'MES_ReportForms.API.Controllers.AuthController.GetToken (MES_ReportForms.API)'
2025-08-23 23:04:24,057 INFO  [Microsoft.AspNetCore.Hosting.Diagnostics] Request finished HTTP/2 POST https://localhost:7014/api/auth/token?guid=10100593&password=Aa123456 - 200 - application/json;+charset=utf-8 6251.4085ms
2025-08-23 23:04:47,983 INFO  [Microsoft.AspNetCore.Hosting.Diagnostics] Request starting HTTP/2 GET https://localhost:7014/api/dashboard/getSkillMatrixByTeam?TeamType=Order%20Processing - - -
2025-08-23 23:04:48,111 INFO  [Microsoft.AspNetCore.Routing.EndpointMiddleware] Executing endpoint 'MES_ReportForms.WebAPI.Controllers.DashboardController.GetSkillMatrixByTeam (MES_ReportForms.API)'
2025-08-23 23:04:48,130 INFO  [Microsoft.AspNetCore.Mvc.Infrastructure.ControllerActionInvoker] Route matched with {action = "GetSkillMatrixByTeam", controller = "Dashboard"}. Executing controller action with signature System.Threading.Tasks.Task`1[MES_ReportForms.Core.Models.ApiResult] GetSkillMatrixByTeam(MES_ReportForms.Core.Models.SkillMatrixQuery) on controller MES_ReportForms.WebAPI.Controllers.DashboardController (MES_ReportForms.API).
2025-08-23 23:10:36,515 INFO  [Microsoft.AspNetCore.DataProtection.KeyManagement.XmlKeyManager] User profile is available. Using 'C:\Users\devpc\AppData\Local\ASP.NET\DataProtection-Keys' as key repository and Windows DPAPI to encrypt keys at rest.
2025-08-23 23:10:36,695 WARN  [Microsoft.AspNetCore.StaticFiles.StaticFileMiddleware] The WebRootPath was not found: D:\GitHub\olp-dashboard\MES_ReportForms.API\wwwroot. Static files may be unavailable.
2025-08-23 23:10:36,863 INFO  [Microsoft.Hosting.Lifetime] Now listening on: https://localhost:7014
2025-08-23 23:10:36,866 INFO  [Microsoft.Hosting.Lifetime] Now listening on: http://localhost:5091
2025-08-23 23:10:37,061 INFO  [Microsoft.Hosting.Lifetime] Application started. Press Ctrl+C to shut down.
2025-08-23 23:10:37,066 INFO  [Microsoft.Hosting.Lifetime] Hosting environment: Development
2025-08-23 23:10:37,071 INFO  [Microsoft.Hosting.Lifetime] Content root path: D:\GitHub\olp-dashboard\MES_ReportForms.API
2025-08-23 23:10:38,062 INFO  [Microsoft.AspNetCore.Hosting.Diagnostics] Request starting HTTP/2 GET https://localhost:7014/swagger/index.html - - -
2025-08-23 23:10:38,668 INFO  [Microsoft.AspNetCore.Hosting.Diagnostics] Request finished HTTP/2 GET https://localhost:7014/swagger/index.html - 200 - text/html;charset=utf-8 565.5491ms
2025-08-23 23:10:38,684 INFO  [Microsoft.AspNetCore.Hosting.Diagnostics] Request starting HTTP/2 GET https://localhost:7014/_vs/browserLink - - -
2025-08-23 23:10:38,689 INFO  [Microsoft.AspNetCore.Hosting.Diagnostics] Request starting HTTP/2 GET https://localhost:7014/_framework/aspnetcore-browser-refresh.js - - -
2025-08-23 23:10:38,714 INFO  [Microsoft.AspNetCore.Hosting.Diagnostics] Request finished HTTP/2 GET https://localhost:7014/_framework/aspnetcore-browser-refresh.js - 200 13774 application/javascript;+charset=utf-8 20.1697ms
2025-08-23 23:10:38,818 INFO  [Microsoft.AspNetCore.Hosting.Diagnostics] Request finished HTTP/2 GET https://localhost:7014/_vs/browserLink - 200 - text/javascript;+charset=UTF-8 133.8475ms
2025-08-23 23:10:38,898 INFO  [Microsoft.AspNetCore.Hosting.Diagnostics] Request starting HTTP/2 GET https://localhost:7014/swagger/ReportFormAPI/swagger.json - - -
2025-08-23 23:10:39,650 INFO  [Microsoft.AspNetCore.Hosting.Diagnostics] Request finished HTTP/2 GET https://localhost:7014/swagger/ReportFormAPI/swagger.json - 200 - application/json;charset=utf-8 755.6228ms
2025-08-23 23:10:55,896 INFO  [Microsoft.AspNetCore.Hosting.Diagnostics] Request starting HTTP/2 POST https://localhost:7014/api/auth/token?guid=10100593&password=Aa123456 - - 0
2025-08-23 23:10:56,134 INFO  [Microsoft.AspNetCore.Routing.EndpointMiddleware] Executing endpoint 'MES_ReportForms.API.Controllers.AuthController.GetToken (MES_ReportForms.API)'
2025-08-23 23:10:56,191 INFO  [Microsoft.AspNetCore.Mvc.Infrastructure.ControllerActionInvoker] Route matched with {action = "GetToken", controller = "Auth"}. Executing controller action with signature MES_ReportForms.Core.Models.ApiResult`1[System.String] GetToken(System.String, System.String) on controller MES_ReportForms.API.Controllers.AuthController (MES_ReportForms.API).
2025-08-23 23:10:57,186 WARN  [Microsoft.EntityFrameworkCore.Model.Validation] Sensitive data logging is enabled. Log entries and exception messages may include sensitive application data; this mode should only be enabled during development.
2025-08-23 23:10:58,546 INFO  [Microsoft.EntityFrameworkCore.Database.Command] Executed DbCommand (69ms) [Parameters=[@__guid_0='10100593' (Size = 450)], CommandType='Text', CommandTimeout='30']
SELECT TOP(1) [t].[GUID], [t].[BusinessType], [t].[CreateTime], [t].[Data_Permission], [t].[EmployeeId], [t].[Import_Permission], [t].[OrganizationID], [t].[Password], [t].[UpdateTime], [t].[User_Email], [t].[User_Name], [t].[Web_Permission]
FROM [T_UserMaster] AS [t]
WHERE [t].[GUID] = @__guid_0
2025-08-23 23:10:58,847 INFO  [Microsoft.AspNetCore.Mvc.Infrastructure.ObjectResultExecutor] Executing ObjectResult, writing value of type 'MES_ReportForms.Core.Models.ApiResult`1[[System.String, System.Private.CoreLib, Version=8.0.0.0, Culture=neutral, PublicKeyToken=7cec85d7bea7798e]]'.
2025-08-23 23:10:58,866 INFO  [Microsoft.AspNetCore.Mvc.Infrastructure.ControllerActionInvoker] Executed action MES_ReportForms.API.Controllers.AuthController.GetToken (MES_ReportForms.API) in 2658.8005ms
2025-08-23 23:10:58,874 INFO  [Microsoft.AspNetCore.Routing.EndpointMiddleware] Executed endpoint 'MES_ReportForms.API.Controllers.AuthController.GetToken (MES_ReportForms.API)'
2025-08-23 23:10:58,913 INFO  [Microsoft.AspNetCore.Hosting.Diagnostics] Request finished HTTP/2 POST https://localhost:7014/api/auth/token?guid=10100593&password=Aa123456 - 200 - application/json;+charset=utf-8 3014.8583ms
2025-08-23 23:11:22,785 INFO  [Microsoft.AspNetCore.Hosting.Diagnostics] Request starting HTTP/2 GET https://localhost:7014/api/dashboard/getSkillMatrixByTeam?TeamType=Order%20Processing - - -
2025-08-23 23:11:22,863 INFO  [Microsoft.AspNetCore.Routing.EndpointMiddleware] Executing endpoint 'MES_ReportForms.WebAPI.Controllers.DashboardController.GetSkillMatrixByTeam (MES_ReportForms.API)'
2025-08-23 23:11:22,878 INFO  [Microsoft.AspNetCore.Mvc.Infrastructure.ControllerActionInvoker] Route matched with {action = "GetSkillMatrixByTeam", controller = "Dashboard"}. Executing controller action with signature System.Threading.Tasks.Task`1[MES_ReportForms.Core.Models.ApiResult] GetSkillMatrixByTeam(MES_ReportForms.Core.Models.SkillMatrixQuery) on controller MES_ReportForms.WebAPI.Controllers.DashboardController (MES_ReportForms.API).
2025-08-23 23:12:23,072 INFO  [Microsoft.AspNetCore.Mvc.Infrastructure.ObjectResultExecutor] Executing ObjectResult, writing value of type 'MES_ReportForms.Core.Models.ApiResult`1[[System.Collections.Generic.IEnumerable`1[[System.Object, System.Private.CoreLib, Version=8.0.0.0, Culture=neutral, PublicKeyToken=7cec85d7bea7798e]], System.Private.CoreLib, Version=8.0.0.0, Culture=neutral, PublicKeyToken=7cec85d7bea7798e]]'.
2025-08-23 23:12:23,114 INFO  [Microsoft.AspNetCore.Mvc.Infrastructure.ControllerActionInvoker] Executed action MES_ReportForms.WebAPI.Controllers.DashboardController.GetSkillMatrixByTeam (MES_ReportForms.API) in 60229.7035ms
2025-08-23 23:12:23,124 INFO  [Microsoft.AspNetCore.Routing.EndpointMiddleware] Executed endpoint 'MES_ReportForms.WebAPI.Controllers.DashboardController.GetSkillMatrixByTeam (MES_ReportForms.API)'
2025-08-23 23:12:23,162 INFO  [Microsoft.AspNetCore.Hosting.Diagnostics] Request finished HTTP/2 GET https://localhost:7014/api/dashboard/getSkillMatrixByTeam?TeamType=Order%20Processing - 200 - application/json;+charset=utf-8 60367.5014ms
2025-08-23 23:18:20,171 INFO  [Microsoft.AspNetCore.Hosting.Diagnostics] Request starting HTTP/2 GET https://localhost:7014/api/dashboard/getSkillMatrixByTeam?TeamType=Order%20Processing - - -
2025-08-23 23:18:20,198 INFO  [Microsoft.AspNetCore.Routing.EndpointMiddleware] Executing endpoint 'MES_ReportForms.WebAPI.Controllers.DashboardController.GetSkillMatrixByTeam (MES_ReportForms.API)'
2025-08-23 23:18:20,205 INFO  [Microsoft.AspNetCore.Mvc.Infrastructure.ControllerActionInvoker] Route matched with {action = "GetSkillMatrixByTeam", controller = "Dashboard"}. Executing controller action with signature System.Threading.Tasks.Task`1[MES_ReportForms.Core.Models.ApiResult] GetSkillMatrixByTeam(MES_ReportForms.Core.Models.SkillMatrixQuery) on controller MES_ReportForms.WebAPI.Controllers.DashboardController (MES_ReportForms.API).
2025-08-23 23:19:26,566 INFO  [Microsoft.AspNetCore.Mvc.Infrastructure.ObjectResultExecutor] Executing ObjectResult, writing value of type 'MES_ReportForms.Core.Models.ApiResult`1[[System.Collections.Generic.IEnumerable`1[[System.Object, System.Private.CoreLib, Version=8.0.0.0, Culture=neutral, PublicKeyToken=7cec85d7bea7798e]], System.Private.CoreLib, Version=8.0.0.0, Culture=neutral, PublicKeyToken=7cec85d7bea7798e]]'.
2025-08-23 23:22:48,004 INFO  [Microsoft.AspNetCore.Mvc.Infrastructure.ControllerActionInvoker] Executed action MES_ReportForms.WebAPI.Controllers.DashboardController.GetSkillMatrixByTeam (MES_ReportForms.API) in 267785.7523ms
2025-08-23 23:22:48,015 INFO  [Microsoft.AspNetCore.Routing.EndpointMiddleware] Executed endpoint 'MES_ReportForms.WebAPI.Controllers.DashboardController.GetSkillMatrixByTeam (MES_ReportForms.API)'
2025-08-23 23:22:48,040 INFO  [Microsoft.AspNetCore.Hosting.Diagnostics] Request finished HTTP/2 GET https://localhost:7014/api/dashboard/getSkillMatrixByTeam?TeamType=Order%20Processing - 200 - application/json;+charset=utf-8 267863.3570ms
2025-08-23 23:23:09,550 INFO  [Microsoft.AspNetCore.Hosting.Diagnostics] Request starting HTTP/2 GET https://localhost:7014/api/dashboard/getSkillMatrixByTeam?TeamType=Order%20Processing - - -
2025-08-23 23:23:09,567 INFO  [Microsoft.AspNetCore.Routing.EndpointMiddleware] Executing endpoint 'MES_ReportForms.WebAPI.Controllers.DashboardController.GetSkillMatrixByTeam (MES_ReportForms.API)'
2025-08-23 23:23:09,573 INFO  [Microsoft.AspNetCore.Mvc.Infrastructure.ControllerActionInvoker] Route matched with {action = "GetSkillMatrixByTeam", controller = "Dashboard"}. Executing controller action with signature System.Threading.Tasks.Task`1[MES_ReportForms.Core.Models.ApiResult] GetSkillMatrixByTeam(MES_ReportForms.Core.Models.SkillMatrixQuery) on controller MES_ReportForms.WebAPI.Controllers.DashboardController (MES_ReportForms.API).
2025-08-23 23:24:05,261 INFO  [Microsoft.AspNetCore.DataProtection.KeyManagement.XmlKeyManager] User profile is available. Using 'C:\Users\devpc\AppData\Local\ASP.NET\DataProtection-Keys' as key repository and Windows DPAPI to encrypt keys at rest.
2025-08-23 23:24:05,536 WARN  [Microsoft.AspNetCore.StaticFiles.StaticFileMiddleware] The WebRootPath was not found: D:\GitHub\olp-dashboard\MES_ReportForms.API\wwwroot. Static files may be unavailable.
2025-08-23 23:24:05,918 INFO  [Microsoft.Hosting.Lifetime] Now listening on: https://localhost:7014
2025-08-23 23:24:05,921 INFO  [Microsoft.Hosting.Lifetime] Now listening on: http://localhost:5091
2025-08-23 23:24:06,302 INFO  [Microsoft.Hosting.Lifetime] Application started. Press Ctrl+C to shut down.
2025-08-23 23:24:06,313 INFO  [Microsoft.Hosting.Lifetime] Hosting environment: Development
2025-08-23 23:24:06,318 INFO  [Microsoft.Hosting.Lifetime] Content root path: D:\GitHub\olp-dashboard\MES_ReportForms.API
2025-08-23 23:24:06,855 INFO  [Microsoft.AspNetCore.Hosting.Diagnostics] Request starting HTTP/2 GET https://localhost:7014/swagger/index.html - - -
2025-08-23 23:24:07,642 INFO  [Microsoft.AspNetCore.Hosting.Diagnostics] Request finished HTTP/2 GET https://localhost:7014/swagger/index.html - 200 - text/html;charset=utf-8 766.4597ms
2025-08-23 23:24:07,655 INFO  [Microsoft.AspNetCore.Hosting.Diagnostics] Request starting HTTP/2 GET https://localhost:7014/_framework/aspnetcore-browser-refresh.js - - -
2025-08-23 23:24:07,659 INFO  [Microsoft.AspNetCore.Hosting.Diagnostics] Request starting HTTP/2 GET https://localhost:7014/_vs/browserLink - - -
2025-08-23 23:24:07,723 INFO  [Microsoft.AspNetCore.Hosting.Diagnostics] Request finished HTTP/2 GET https://localhost:7014/_framework/aspnetcore-browser-refresh.js - 200 13774 application/javascript;+charset=utf-8 57.9574ms
2025-08-23 23:24:07,826 INFO  [Microsoft.AspNetCore.Hosting.Diagnostics] Request finished HTTP/2 GET https://localhost:7014/_vs/browserLink - 200 - text/javascript;+charset=UTF-8 173.7686ms
2025-08-23 23:24:07,908 INFO  [Microsoft.AspNetCore.Hosting.Diagnostics] Request starting HTTP/2 GET https://localhost:7014/swagger/ReportFormAPI/swagger.json - - -
2025-08-23 23:24:08,494 INFO  [Microsoft.AspNetCore.Hosting.Diagnostics] Request finished HTTP/2 GET https://localhost:7014/swagger/ReportFormAPI/swagger.json - 200 - application/json;charset=utf-8 588.7143ms
2025-08-23 23:24:24,499 INFO  [Microsoft.AspNetCore.Hosting.Diagnostics] Request starting HTTP/2 POST https://localhost:7014/api/auth/token?guid=10100593&password=Aa123456 - - 0
2025-08-23 23:24:24,697 INFO  [Microsoft.AspNetCore.Routing.EndpointMiddleware] Executing endpoint 'MES_ReportForms.API.Controllers.AuthController.GetToken (MES_ReportForms.API)'
2025-08-23 23:24:24,752 INFO  [Microsoft.AspNetCore.Mvc.Infrastructure.ControllerActionInvoker] Route matched with {action = "GetToken", controller = "Auth"}. Executing controller action with signature MES_ReportForms.Core.Models.ApiResult`1[System.String] GetToken(System.String, System.String) on controller MES_ReportForms.API.Controllers.AuthController (MES_ReportForms.API).
2025-08-23 23:24:25,607 WARN  [Microsoft.EntityFrameworkCore.Model.Validation] Sensitive data logging is enabled. Log entries and exception messages may include sensitive application data; this mode should only be enabled during development.
2025-08-23 23:24:26,495 INFO  [Microsoft.EntityFrameworkCore.Database.Command] Executed DbCommand (41ms) [Parameters=[@__guid_0='10100593' (Size = 450)], CommandType='Text', CommandTimeout='30']
SELECT TOP(1) [t].[GUID], [t].[BusinessType], [t].[CreateTime], [t].[Data_Permission], [t].[EmployeeId], [t].[Import_Permission], [t].[OrganizationID], [t].[Password], [t].[UpdateTime], [t].[User_Email], [t].[User_Name], [t].[Web_Permission]
FROM [T_UserMaster] AS [t]
WHERE [t].[GUID] = @__guid_0
2025-08-23 23:24:26,732 INFO  [Microsoft.AspNetCore.Mvc.Infrastructure.ObjectResultExecutor] Executing ObjectResult, writing value of type 'MES_ReportForms.Core.Models.ApiResult`1[[System.String, System.Private.CoreLib, Version=8.0.0.0, Culture=neutral, PublicKeyToken=7cec85d7bea7798e]]'.
2025-08-23 23:24:26,750 INFO  [Microsoft.AspNetCore.Mvc.Infrastructure.ControllerActionInvoker] Executed action MES_ReportForms.API.Controllers.AuthController.GetToken (MES_ReportForms.API) in 1982.4567ms
2025-08-23 23:24:26,756 INFO  [Microsoft.AspNetCore.Routing.EndpointMiddleware] Executed endpoint 'MES_ReportForms.API.Controllers.AuthController.GetToken (MES_ReportForms.API)'
2025-08-23 23:24:26,778 INFO  [Microsoft.AspNetCore.Hosting.Diagnostics] Request finished HTTP/2 POST https://localhost:7014/api/auth/token?guid=10100593&password=Aa123456 - 200 - application/json;+charset=utf-8 2286.1543ms
2025-08-23 23:24:55,339 INFO  [Microsoft.AspNetCore.Hosting.Diagnostics] Request starting HTTP/2 GET https://localhost:7014/api/dashboard/getSkillMatrixByTeam?TeamType=Order%20Processing - - -
2025-08-23 23:24:55,453 INFO  [Microsoft.AspNetCore.Routing.EndpointMiddleware] Executing endpoint 'MES_ReportForms.WebAPI.Controllers.DashboardController.GetSkillMatrixByTeam (MES_ReportForms.API)'
2025-08-23 23:24:55,471 INFO  [Microsoft.AspNetCore.Mvc.Infrastructure.ControllerActionInvoker] Route matched with {action = "GetSkillMatrixByTeam", controller = "Dashboard"}. Executing controller action with signature System.Threading.Tasks.Task`1[MES_ReportForms.Core.Models.ApiResult] GetSkillMatrixByTeam(MES_ReportForms.Core.Models.SkillMatrixQuery) on controller MES_ReportForms.WebAPI.Controllers.DashboardController (MES_ReportForms.API).
2025-08-23 23:25:25,726 INFO  [Microsoft.AspNetCore.Mvc.Infrastructure.ObjectResultExecutor] Executing ObjectResult, writing value of type 'MES_ReportForms.Core.Models.ApiResult`1[[System.Collections.Generic.IEnumerable`1[[System.Object, System.Private.CoreLib, Version=8.0.0.0, Culture=neutral, PublicKeyToken=7cec85d7bea7798e]], System.Private.CoreLib, Version=8.0.0.0, Culture=neutral, PublicKeyToken=7cec85d7bea7798e]]'.
2025-08-23 23:25:25,754 INFO  [Microsoft.AspNetCore.Mvc.Infrastructure.ControllerActionInvoker] Executed action MES_ReportForms.WebAPI.Controllers.DashboardController.GetSkillMatrixByTeam (MES_ReportForms.API) in 30278.7885ms
2025-08-23 23:25:25,762 INFO  [Microsoft.AspNetCore.Routing.EndpointMiddleware] Executed endpoint 'MES_ReportForms.WebAPI.Controllers.DashboardController.GetSkillMatrixByTeam (MES_ReportForms.API)'
2025-08-23 23:25:25,795 INFO  [Microsoft.AspNetCore.Hosting.Diagnostics] Request finished HTTP/2 GET https://localhost:7014/api/dashboard/getSkillMatrixByTeam?TeamType=Order%20Processing - 200 - application/json;+charset=utf-8 30456.0423ms
